Archive member included to satisfy reference by file (symbol)

c:/st/stm32cubeide_1.8.0/stm32cubeide/plugins/com.st.stm32cube.ide.mcu.externaltools.gnu-tools-for-stm32.9-2020-q2-update.win32_2.0.0.202105311346/tools/bin/../lib/gcc/arm-none-eabi/9.3.1/../../../../arm-none-eabi/lib/thumb/v7e-m+fp/hard\libc_nano.a(lib_a-errno.o)
                              ./Core/Src/syscalls.o (__errno)
c:/st/stm32cubeide_1.8.0/stm32cubeide/plugins/com.st.stm32cube.ide.mcu.externaltools.gnu-tools-for-stm32.9-2020-q2-update.win32_2.0.0.202105311346/tools/bin/../lib/gcc/arm-none-eabi/9.3.1/../../../../arm-none-eabi/lib/thumb/v7e-m+fp/hard\libc_nano.a(lib_a-exit.o)
                              c:/st/stm32cubeide_1.8.0/stm32cubeide/plugins/com.st.stm32cube.ide.mcu.externaltools.gnu-tools-for-stm32.9-2020-q2-update.win32_2.0.0.202105311346/tools/bin/../lib/gcc/arm-none-eabi/9.3.1/../../../../arm-none-eabi/lib/thumb/v7e-m+fp/hard/crt0.o (exit)
c:/st/stm32cubeide_1.8.0/stm32cubeide/plugins/com.st.stm32cube.ide.mcu.externaltools.gnu-tools-for-stm32.9-2020-q2-update.win32_2.0.0.202105311346/tools/bin/../lib/gcc/arm-none-eabi/9.3.1/../../../../arm-none-eabi/lib/thumb/v7e-m+fp/hard\libc_nano.a(lib_a-impure.o)
                              c:/st/stm32cubeide_1.8.0/stm32cubeide/plugins/com.st.stm32cube.ide.mcu.externaltools.gnu-tools-for-stm32.9-2020-q2-update.win32_2.0.0.202105311346/tools/bin/../lib/gcc/arm-none-eabi/9.3.1/../../../../arm-none-eabi/lib/thumb/v7e-m+fp/hard\libc_nano.a(lib_a-exit.o) (_global_impure_ptr)
c:/st/stm32cubeide_1.8.0/stm32cubeide/plugins/com.st.stm32cube.ide.mcu.externaltools.gnu-tools-for-stm32.9-2020-q2-update.win32_2.0.0.202105311346/tools/bin/../lib/gcc/arm-none-eabi/9.3.1/../../../../arm-none-eabi/lib/thumb/v7e-m+fp/hard\libc_nano.a(lib_a-init.o)
                              c:/st/stm32cubeide_1.8.0/stm32cubeide/plugins/com.st.stm32cube.ide.mcu.externaltools.gnu-tools-for-stm32.9-2020-q2-update.win32_2.0.0.202105311346/tools/bin/../lib/gcc/arm-none-eabi/9.3.1/../../../../arm-none-eabi/lib/thumb/v7e-m+fp/hard/crt0.o (__libc_init_array)
c:/st/stm32cubeide_1.8.0/stm32cubeide/plugins/com.st.stm32cube.ide.mcu.externaltools.gnu-tools-for-stm32.9-2020-q2-update.win32_2.0.0.202105311346/tools/bin/../lib/gcc/arm-none-eabi/9.3.1/../../../../arm-none-eabi/lib/thumb/v7e-m+fp/hard\libc_nano.a(lib_a-memset.o)
                              c:/st/stm32cubeide_1.8.0/stm32cubeide/plugins/com.st.stm32cube.ide.mcu.externaltools.gnu-tools-for-stm32.9-2020-q2-update.win32_2.0.0.202105311346/tools/bin/../lib/gcc/arm-none-eabi/9.3.1/../../../../arm-none-eabi/lib/thumb/v7e-m+fp/hard/crt0.o (memset)
c:/st/stm32cubeide_1.8.0/stm32cubeide/plugins/com.st.stm32cube.ide.mcu.externaltools.gnu-tools-for-stm32.9-2020-q2-update.win32_2.0.0.202105311346/tools/bin/../lib/gcc/arm-none-eabi/9.3.1/../../../../arm-none-eabi/lib/thumb/v7e-m+fp/hard\libc_nano.a(lib_a-snprintf.o)
                              ./Core/Src/main.o (snprintf)
c:/st/stm32cubeide_1.8.0/stm32cubeide/plugins/com.st.stm32cube.ide.mcu.externaltools.gnu-tools-for-stm32.9-2020-q2-update.win32_2.0.0.202105311346/tools/bin/../lib/gcc/arm-none-eabi/9.3.1/../../../../arm-none-eabi/lib/thumb/v7e-m+fp/hard\libc_nano.a(lib_a-sprintf.o)
                              ./Core/Src/main.o (sprintf)
c:/st/stm32cubeide_1.8.0/stm32cubeide/plugins/com.st.stm32cube.ide.mcu.externaltools.gnu-tools-for-stm32.9-2020-q2-update.win32_2.0.0.202105311346/tools/bin/../lib/gcc/arm-none-eabi/9.3.1/../../../../arm-none-eabi/lib/thumb/v7e-m+fp/hard\libc_nano.a(lib_a-nano-svfprintf.o)
                              c:/st/stm32cubeide_1.8.0/stm32cubeide/plugins/com.st.stm32cube.ide.mcu.externaltools.gnu-tools-for-stm32.9-2020-q2-update.win32_2.0.0.202105311346/tools/bin/../lib/gcc/arm-none-eabi/9.3.1/../../../../arm-none-eabi/lib/thumb/v7e-m+fp/hard\libc_nano.a(lib_a-snprintf.o) (_svfprintf_r)
c:/st/stm32cubeide_1.8.0/stm32cubeide/plugins/com.st.stm32cube.ide.mcu.externaltools.gnu-tools-for-stm32.9-2020-q2-update.win32_2.0.0.202105311346/tools/bin/../lib/gcc/arm-none-eabi/9.3.1/../../../../arm-none-eabi/lib/thumb/v7e-m+fp/hard\libc_nano.a(lib_a-nano-vfprintf_i.o)
                              c:/st/stm32cubeide_1.8.0/stm32cubeide/plugins/com.st.stm32cube.ide.mcu.externaltools.gnu-tools-for-stm32.9-2020-q2-update.win32_2.0.0.202105311346/tools/bin/../lib/gcc/arm-none-eabi/9.3.1/../../../../arm-none-eabi/lib/thumb/v7e-m+fp/hard\libc_nano.a(lib_a-nano-svfprintf.o) (_printf_i)
c:/st/stm32cubeide_1.8.0/stm32cubeide/plugins/com.st.stm32cube.ide.mcu.externaltools.gnu-tools-for-stm32.9-2020-q2-update.win32_2.0.0.202105311346/tools/bin/../lib/gcc/arm-none-eabi/9.3.1/../../../../arm-none-eabi/lib/thumb/v7e-m+fp/hard\libc_nano.a(lib_a-memchr.o)
[...]
Memory Configuration

Name             Origin             Length             Attributes
RAM              0x0000000020000000 0x0000000000050000 xrw
FLASH            0x0000000008000000 0x0000000000100000 xr
*default*        0x0000000000000000 0xffffffffffffffff

Linker script and memory map

LOAD c:/st/stm32cubeide_1.8.0/stm32cubeide/plugins/com.st.stm32cube.ide.mcu.externaltools.gnu-tools-for-stm32.9-2020-q2-update.win32_2.0.0.202105311346/tools/bin/../lib/gcc/arm-none-eabi/9.3.1/thumb/v7e-m+fp/hard/crti.o
LOAD c:/st/stm32cubeide_1.8.0/stm32cubeide/plugins/com.st.stm32cube.ide.mcu.externaltools.gnu-tools-for-stm32.9-2020-q2-update.win32_2.0.0.202105311346/tools/bin/../lib/gcc/arm-none-eabi/9.3.1/thumb/v7e-m+fp/hard/crtbegin.o
LOAD c:/st/stm32cubeide_1.8.0/stm32cubeide/plugins/com.st.stm32cube.ide.mcu.externaltools.gnu-tools-for-stm32.9-2020-q2-update.win32_2.0.0.202105311346/tools/bin/../lib/gcc/arm-none-eabi/9.3.1/../../../../arm-none-eabi/lib/thumb/v7e-m+fp/hard/crt0.o
LOAD ./Core/Src/bh1750.o
LOAD ./Core/Src/bh1750_config.o
LOAD ./Core/Src/gpio.o
LOAD ./Core/Src/i2c.o
LOAD ./Core/Src/lcd_i2c.o
LOAD ./Core/Src/main.o
LOAD ./Core/Src/stm32f7xx_hal_msp.o
LOAD ./Core/Src/stm32f7xx_it.o
LOAD ./Core/Src/syscalls.o
LOAD ./Core/Src/sysmem.o
LOAD ./Core/Src/system_stm32f7xx.o
LOAD ./Core/Src/tim.o
LOAD ./Core/Src/usart.o
LOAD ./Core/Startup/startup_stm32f746zgtx.o
LOAD ./Drivers/STM32F7xx_HAL_Driver/Src/stm32f7xx_hal.o
LOAD ./Drivers/STM32F7xx_HAL_Driver/Src/stm32f7xx_hal_cortex.o
LOAD ./Drivers/STM32F7xx_HAL_Driver/Src/stm32f7xx_hal_dma.o
LOAD ./Drivers/STM32F7xx_HAL_Driver/Src/stm32f7xx_hal_dma_ex.o
LOAD ./Drivers/STM32F7xx_HAL_Driver/Src/stm32f7xx_hal_exti.o
LOAD ./Drivers/STM32F7xx_HAL_Driver/Src/stm32f7xx_hal_flash.o
LOAD ./Drivers/STM32F7xx_HAL_Driver/Src/stm32f7xx_hal_flash_ex.o
LOAD ./Drivers/STM32F7xx_HAL_Driver/Src/stm32f7xx_hal_gpio.o
LOAD ./Drivers/STM32F7xx_HAL_Driver/Src/stm32f7xx_hal_i2c.o
LOAD ./Drivers/STM32F7xx_HAL_Driver/Src/stm32f7xx_hal_i2c_ex.o
LOAD ./Drivers/STM32F7xx_HAL_Driver/Src/stm32f7xx_hal_pwr.o
LOAD ./Drivers/STM32F7xx_HAL_Driver/Src/stm32f7xx_hal_pwr_ex.o
LOAD ./Drivers/STM32F7xx_HAL_Driver/Src/stm32f7xx_hal_rcc.o
LOAD ./Drivers/STM32F7xx_HAL_Driver/Src/stm32f7xx_hal_rcc_ex.o
LOAD ./Drivers/STM32F7xx_HAL_Driver/Src/stm32f7xx_hal_tim.o
LOAD ./Drivers/STM32F7xx_HAL_Driver/Src/stm32f7xx_hal_tim_ex.o
LOAD ./Drivers/STM32F7xx_HAL_Driver/Src/stm32f7xx_hal_uart.o
LOAD ./Drivers/STM32F7xx_HAL_Driver/Src/stm32f7xx_hal_uart_ex.o
START GROUP
LOAD c:/st/stm32cubeide_1.8.0/stm32cubeide/plugins/com.st.stm32cube.ide.mcu.externaltools.gnu-tools-for-stm32.9-2020-q2-update.win32_2.0.0.202105311346/tools/bin/../lib/gcc/arm-none-eabi/9.3.1/../../../../arm-none-eabi/lib/thumb/v7e-m+fp/hard\libc_nano.a
LOAD c:/st/stm32cubeide_1.8.0/stm32cubeide/plugins/com.st.stm32cube.ide.mcu.externaltools.gnu-tools-for-stm32.9-2020-q2-update.win32_2.0.0.202105311346/tools/bin/../lib/gcc/arm-none-eabi/9.3.1/../../../../arm-none-eabi/lib/thumb/v7e-m+fp/hard\libm.a
END GROUP
START GROUP
LOAD c:/st/stm32cubeide_1.8.0/stm32cubeide/plugins/com.st.stm32cube.ide.mcu.externaltools.gnu-tools-for-stm32.9-2020-q2-update.win32_2.0.0.202105311346/tools/bin/../lib/gcc/arm-none-eabi/9.3.1/thumb/v7e-m+fp/hard\libgcc.a
LOAD c:/st/stm32cubeide_1.8.0/stm32cubeide/plugins/com.st.stm32cube.ide.mcu.externaltools.gnu-tools-for-stm32.9-2020-q2-update.win32_2.0.0.202105311346/tools/bin/../lib/gcc/arm-none-eabi/9.3.1/../../../../arm-none-eabi/lib/thumb/v7e-m+fp/hard\libc_nano.a
END GROUP
START GROUP
LOAD c:/st/stm32cubeide_1.8.0/stm32cubeide/plugins/com.st.stm32cube.ide.mcu.externaltools.gnu-tools-for-stm32.9-2020-q2-update.win32_2.0.0.202105311346/tools/bin/../lib/gcc/arm-none-eabi/9.3.1/thumb/v7e-m+fp/hard\libgcc.a
LOAD c:/st/stm32cubeide_1.8.0/stm32cubeide/plugins/com.st.stm32cube.ide.mcu.externaltools.gnu-tools-for-stm32.9-2020-q2-update.win32_2.0.0.202105311346/tools/bin/../lib/gcc/arm-none-eabi/9.3.1/../../../../arm-none-eabi/lib/thumb/v7e-m+fp/hard\libc_nano.a
LOAD c:/st/stm32cubeide_1.8.0/stm32cubeide/plugins/com.st.stm32cube.ide.mcu.externaltools.gnu-tools-for-stm32.9-2020-q2-update.win32_2.0.0.202105311346/tools/bin/../lib/gcc/arm-none-eabi/9.3.1/../../../../arm-none-eabi/lib/thumb/v7e-m+fp/hard\libnosys.a
END GROUP
START GROUP
LOAD c:/st/stm32cubeide_1.8.0/stm32cubeide/plugins/com.st.stm32cube.ide.mcu.externaltools.gnu-tools-for-stm32.9-2020-q2-update.win32_2.0.0.202105311346/tools/bin/../lib/gcc/arm-none-eabi/9.3.1/thumb/v7e-m+fp/hard\libgcc.a
LOAD c:/st/stm32cubeide_1.8.0/stm32cubeide/plugins/com.st.stm32cube.ide.mcu.externaltools.gnu-tools-for-stm32.9-2020-q2-update.win32_2.0.0.202105311346/tools/bin/../lib/gcc/arm-none-eabi/9.3.1/../../../../arm-none-eabi/lib/thumb/v7e-m+fp/hard\libc_nano.a
LOAD c:/st/stm32cubeide_1.8.0/stm32cubeide/plugins/com.st.stm32cube.ide.mcu.externaltools.gnu-tools-for-stm32.9-2020-q2-update.win32_2.0.0.202105311346/tools/bin/../lib/gcc/arm-none-eabi/9.3.1/../../../../arm-none-eabi/lib/thumb/v7e-m+fp/hard\libnosys.a
END GROUP
LOAD c:/st/stm32cubeide_1.8.0/stm32cubeide/plugins/com.st.stm32cube.ide.mcu.externaltools.gnu-tools-for-stm32.9-2020-q2-update.win32_2.0.0.202105311346/tools/bin/../lib/gcc/arm-none-eabi/9.3.1/thumb/v7e-m+fp/hard/crtend.o
LOAD c:/st/stm32cubeide_1.8.0/stm32cubeide/plugins/com.st.stm32cube.ide.mcu.externaltools.gnu-tools-for-stm32.9-2020-q2-update.win32_2.0.0.202105311346/tools/bin/../lib/gcc/arm-none-eabi/9.3.1/thumb/v7e-m+fp/hard/crtn.o
                0x0000000020050000                _estack = (ORIGIN (RAM) + LENGTH (RAM))
                0x0000000000000200                _Min_Heap_Size = 0x200
                0x0000000000000400                _Min_Stack_Size = 0x400

.isr_vector     0x0000000008000000      0x1c8
                0x0000000008000000                . = ALIGN (0x4)
 *(.isr_vector)
 .isr_vector    0x0000000008000000      0x1c8 ./Core/Startup/startup_stm32f746zgtx.o
                0x0000000008000000                g_pfnVectors
                0x00000000080001c8                . = ALIGN (0x4)

.text           0x00000000080001d0     0x85f0
                0x00000000080001d0                . = ALIGN (0x4)
 *(.text)
 .text          0x00000000080001d0       0x40 c:/st/stm32cubeide_1.8.0/stm32cubeide/plugins/com.st.stm32cube.ide.mcu.externaltools.gnu-tools-for-stm32.9-2020-q2-update.win32_2.0.0.202105311346/tools/bin/../lib/gcc/arm-none-eabi/9.3.1/thumb/v7e-m+fp/hard/crtbegin.o
 .text          0x0000000008000210       0xa0 c:/st/stm32cubeide_1.8.0/stm32cubeide/plugins/com.st.stm32cube.ide.mcu.externaltools.gnu-tools-for-stm32.9-2020-q2-update.win32_2.0.0.202105311346/tools/bin/../lib/gcc/arm-none-eabi/9.3.1/../../../../arm-none-eabi/lib/thumb/v7e-m+fp/hard\libc_nano.a(lib_a-memchr.o)
                0x0000000008000210                memchr
 .text          0x00000000080002b0      0x378 c:/st/stm32cubeide_1.8.0/stm32cubeide/plugins/com.st.stm32cube.ide.mcu.externaltools.gnu-tools-for-stm32.9-2020-q2-update.win32_2.0.0.202105311346/tools/bin/../lib/gcc/arm-none-eabi/9.3.1/thumb/v7e-m+fp/hard\libgcc.a(_arm_addsubdf3.o)
                0x00000000080002b0                __aeabi_drsub
                0x00000000080002b8                __aeabi_dsub
                0x00000000080002b8                __subdf3
                0x00000000080002bc                __aeabi_dadd
                0x00000000080002bc                __adddf3
                0x0000000008000534                __floatunsidf
                0x0000000008000534                __aeabi_ui2d
                0x0000000008000554                __floatsidf
                0x0000000008000554                __aeabi_i2d
                0x0000000008000578                __aeabi_f2d
                0x0000000008000578                __extendsfdf2
                0x00000000080005bc                __floatundidf
                0x00000000080005bc                __aeabi_ul2d
                0x00000000080005cc                __floatdidf
                0x00000000080005cc                __aeabi_l2d
 .text          0x0000000008000628      0x424 c:/st/stm32cubeide_1.8.0/stm32cubeide/plugins/com.st.stm32cube.ide.mcu.externaltools.gnu-tools-for-stm32.9-2020-q2-update.win32_2.0.0.202105311346/tools/bin/../lib/gcc/arm-none-eabi/9.3.1/thumb/v7e-m+fp/hard\libgcc.a(_arm_muldivdf3.o)
                0x0000000008000628                __aeabi_dmul
                0x0000000008000628                __muldf3
                0x000000000800087c                __divdf3
                0x000000000800087c                __aeabi_ddiv
 .text          0x0000000008000a4c       0xa0 c:/st/stm32cubeide_1.8.0/stm32cubeide/plugins/com.st.stm32cube.ide.mcu.externaltools.gnu-tools-for-stm32.9-2020-q2-update.win32_2.0.0.202105311346/tools/bin/../lib/gcc/arm-none-eabi/9.3.1/thumb/v7e-m+fp/hard\libgcc.a(_arm_truncdfsf2.o)
                0x0000000008000a4c                __truncdfsf2
                0x0000000008000a4c                __aeabi_d2f
 .text          0x0000000008000aec       0x30 c:/st/stm32cubeide_1.8.0/stm32cubeide/plugins/com.st.stm32cube.ide.mcu.externaltools.gnu-tools-for-stm32.9-2020-q2-update.win32_2.0.0.202105311346/tools/bin/../lib/gcc/arm-none-eabi/9.3.1/thumb/v7e-m+fp/hard\libgcc.a(_aeabi_uldivmod.o)
                0x0000000008000aec                __aeabi_uldivmod
 .text          0x0000000008000b1c      0x2c4 c:/st/stm32cubeide_1.8.0/stm32cubeide/plugins/com.st.stm32cube.ide.mcu.externaltools.gnu-tools-for-stm32.9-2020-q2-update.win32_2.0.0.202105311346/tools/bin/../lib/gcc/arm-none-eabi/9.3.1/thumb/v7e-m+fp/hard\libgcc.a(_udivmoddi4.o)
                0x0000000008000b1c                __udivmoddi4
 .text          0x0000000008000de0        0x4 c:/st/stm32cubeide_1.8.0/stm32cubeide/plugins/com.st.stm32cube.ide.mcu.externaltools.gnu-tools-for-stm32.9-2020-q2-update.win32_2.0.0.202105311346/tools/bin/../lib/gcc/arm-none-eabi/9.3.1/thumb/v7e-m+fp/hard\libgcc.a(_dvmd_tls.o)
                0x0000000008000de0                __aeabi_idiv0
                0x0000000008000de0                __aeabi_ldiv0
 *(.text*)
 .text.BH1750_Init
                0x0000000008000de4       0x4c ./Core/Src/bh1750.o
                0x0000000008000de4                BH1750_Init
 .text.BH1750_ReadLux
                0x0000000008000e30       0x5c ./Core/Src/bh1750.o
                0x0000000008000e30                BH1750_ReadLux
 .text.MX_GPIO_Init
                0x0000000008000e8c      0x230 ./Core/Src/gpio.o
                0x0000000008000e8c                MX_GPIO_Init
 .text.MX_I2C1_Init
                0x00000000080010bc       0x80 ./Core/Src/i2c.o
                0x00000000080010bc                MX_I2C1_Init
 .text.MX_I2C2_Init
                0x000000000800113c       0x80 ./Core/Src/i2c.o
                0x000000000800113c                MX_I2C2_Init
 .text.HAL_I2C_MspInit
                0x00000000080011bc      0x16c ./Core/Src/i2c.o
                0x00000000080011bc                HAL_I2C_MspInit
 .text.lcd_init
                0x0000000008001328       0x80 ./Core/Src/lcd_i2c.o
                0x0000000008001328                lcd_init
 .text.lcd_write
                0x00000000080013a8       0x8c ./Core/Src/lcd_i2c.o
                0x00000000080013a8                lcd_write
 .text.lcd_display
                0x0000000008001434       0xaa ./Core/Src/lcd_i2c.o
                0x0000000008001434                lcd_display
 .text.lcd_clear
                0x00000000080014de       0x30 ./Core/Src/lcd_i2c.o
                0x00000000080014de                lcd_clear
 *fill*         0x000000000800150e        0x2 
 .text.HAL_UART_RxCpltCallback
                0x0000000008001510      0x18c ./Core/Src/main.o
                0x0000000008001510                HAL_UART_RxCpltCallback
 .text.HAL_TIM_PeriodElapsedCallback
                0x000000000800169c      0x164 ./Core/Src/main.o
                0x000000000800169c                HAL_TIM_PeriodElapsedCallback
 .text.HAL_TIM_IC_CaptureCallback
                0x0000000008001800       0x60 ./Core/Src/main.o
                0x0000000008001800                HAL_TIM_IC_CaptureCallback
 .text.main     0x0000000008001860      0x13c ./Core/Src/main.o
                0x0000000008001860                main
 .text.SystemClock_Config
                0x000000000800199c       0xdc ./Core/Src/main.o
                0x000000000800199c                SystemClock_Config
 .text.Error_Handler
                0x0000000008001a78        0xa ./Core/Src/main.o
                0x0000000008001a78                Error_Handler
 *fill*         0x0000000008001a82        0x2 
 .text.HAL_MspInit
                0x0000000008001a84       0x48 ./Core/Src/stm32f7xx_hal_msp.o
                0x0000000008001a84                HAL_MspInit
 .text.NMI_Handler
                0x0000000008001acc        0x6 ./Core/Src/stm32f7xx_it.o
                0x0000000008001acc                NMI_Handler
 .text.HardFault_Handler
                0x0000000008001ad2        0x6 ./Core/Src/stm32f7xx_it.o
                0x0000000008001ad2                HardFault_Handler
 .text.MemManage_Handler
                0x0000000008001ad8        0x6 ./Core/Src/stm32f7xx_it.o
                0x0000000008001ad8                MemManage_Handler
 .text.BusFault_Handler
                0x0000000008001ade        0x6 ./Core/Src/stm32f7xx_it.o
                0x0000000008001ade                BusFault_Handler
 .text.UsageFault_Handler
                0x0000000008001ae4        0x6 ./Core/Src/stm32f7xx_it.o
                0x0000000008001ae4                UsageFault_Handler
 .text.SVC_Handler
                0x0000000008001aea        0xe ./Core/Src/stm32f7xx_it.o
                0x0000000008001aea                SVC_Handler
 .text.DebugMon_Handler
                0x0000000008001af8        0xe ./Core/Src/stm32f7xx_it.o
                0x0000000008001af8                DebugMon_Handler
 .text.PendSV_Handler
                0x0000000008001b06        0xe ./Core/Src/stm32f7xx_it.o
                0x0000000008001b06                PendSV_Handler
 .text.SysTick_Handler
                0x0000000008001b14        0xc ./Core/Src/stm32f7xx_it.o
                0x0000000008001b14                SysTick_Handler
 .text.TIM2_IRQHandler
                0x0000000008001b20       0x14 ./Core/Src/stm32f7xx_it.o
                0x0000000008001b20                TIM2_IRQHandler
 .text.TIM3_IRQHandler
                0x0000000008001b34       0x14 ./Core/Src/stm32f7xx_it.o
                0x0000000008001b34                TIM3_IRQHandler
 .text.TIM4_IRQHandler
                0x0000000008001b48       0x14 ./Core/Src/stm32f7xx_it.o
                0x0000000008001b48                TIM4_IRQHandler
 .text.I2C1_EV_IRQHandler
                0x0000000008001b5c       0x14 ./Core/Src/stm32f7xx_it.o
                0x0000000008001b5c                I2C1_EV_IRQHandler
 .text.I2C1_ER_IRQHandler
                0x0000000008001b70       0x14 ./Core/Src/stm32f7xx_it.o
                0x0000000008001b70                I2C1_ER_IRQHandler
 .text.USART3_IRQHandler
                0x0000000008001b84       0x14 ./Core/Src/stm32f7xx_it.o
                0x0000000008001b84                USART3_IRQHandler
 .text.EXTI15_10_IRQHandler
                0x0000000008001b98       0x10 ./Core/Src/stm32f7xx_it.o
                0x0000000008001b98                EXTI15_10_IRQHandler
 .text.TIM5_IRQHandler
                0x0000000008001ba8       0x14 ./Core/Src/stm32f7xx_it.o
                0x0000000008001ba8                TIM5_IRQHandler
 .text._sbrk    0x0000000008001bbc       0x6c ./Core/Src/sysmem.o
                0x0000000008001bbc                _sbrk
 .text.SystemInit
                0x0000000008001c28       0x24 ./Core/Src/system_stm32f7xx.o
                0x0000000008001c28                SystemInit
 .text.MX_TIM2_Init
                0x0000000008001c4c       0xf0 ./Core/Src/tim.o
                0x0000000008001c4c                MX_TIM2_Init
 .text.MX_TIM3_Init
                0x0000000008001d3c       0x9c ./Core/Src/tim.o
                0x0000000008001d3c                MX_TIM3_Init
 .text.MX_TIM4_Init
                0x0000000008001dd8       0xac ./Core/Src/tim.o
                0x0000000008001dd8                MX_TIM4_Init
 .text.MX_TIM5_Init
                0x0000000008001e84       0x9c ./Core/Src/tim.o
                0x0000000008001e84                MX_TIM5_Init
 .text.HAL_TIM_Base_MspInit
                0x0000000008001f20       0xb8 ./Core/Src/tim.o
                0x0000000008001f20                HAL_TIM_Base_MspInit
 .text.HAL_TIM_Encoder_MspInit
                0x0000000008001fd8       0x98 ./Core/Src/tim.o
                0x0000000008001fd8                HAL_TIM_Encoder_MspInit
 .text.HAL_TIM_MspPostInit
                0x0000000008002070       0x6c ./Core/Src/tim.o
                0x0000000008002070                HAL_TIM_MspPostInit
 .text.MX_USART3_UART_Init
                0x00000000080020dc       0x60 ./Core/Src/usart.o
                0x00000000080020dc                MX_USART3_UART_Init
 .text.HAL_UART_MspInit
                0x000000000800213c       0xd0 ./Core/Src/usart.o
                0x000000000800213c                HAL_UART_MspInit
 .text.Reset_Handler
                0x000000000800220c       0x50 ./Core/Startup/startup_stm32f746zgtx.o
                0x000000000800220c                Reset_Handler
 .text.Default_Handler
                0x000000000800225c        0x2 ./Core/Startup/startup_stm32f746zgtx.o
                0x000000000800225c                RTC_Alarm_IRQHandler
                0x000000000800225c                EXTI2_IRQHandler
                0x000000000800225c                TIM8_CC_IRQHandler
                0x000000000800225c                UART8_IRQHandler
                0x000000000800225c                SPI4_IRQHandler
                0x000000000800225c                TIM1_CC_IRQHandler
                0x000000000800225c                DMA2_Stream5_IRQHandler
                0x000000000800225c                DMA1_Stream5_IRQHandler
                0x000000000800225c                PVD_IRQHandler
                0x000000000800225c                TAMP_STAMP_IRQHandler
                0x000000000800225c                CAN2_RX1_IRQHandler
                0x000000000800225c                EXTI3_IRQHandler
                0x000000000800225c                TIM8_TRG_COM_TIM14_IRQHandler
                0x000000000800225c                TIM1_UP_TIM10_IRQHandler
                0x000000000800225c                TIM8_UP_TIM13_IRQHandler
                0x000000000800225c                I2C3_ER_IRQHandler
                0x000000000800225c                EXTI0_IRQHandler
                0x000000000800225c                I2C2_EV_IRQHandler
                0x000000000800225c                DMA1_Stream2_IRQHandler
                0x000000000800225c                CAN1_RX0_IRQHandler
                0x000000000800225c                FPU_IRQHandler
                0x000000000800225c                OTG_HS_WKUP_IRQHandler
                0x000000000800225c                LTDC_ER_IRQHandler
                0x000000000800225c                CAN2_SCE_IRQHandler
                0x000000000800225c                DMA2_Stream2_IRQHandler
                0x000000000800225c                SPI1_IRQHandler
                0x000000000800225c                TIM6_DAC_IRQHandler
                0x000000000800225c                TIM1_BRK_TIM9_IRQHandler
                0x000000000800225c                DCMI_IRQHandler
                0x000000000800225c                CAN2_RX0_IRQHandler
                0x000000000800225c                DMA2_Stream3_IRQHandler
                0x000000000800225c                SAI2_IRQHandler
                0x000000000800225c                USART6_IRQHandler
                0x000000000800225c                CAN1_RX1_IRQHandler
                0x000000000800225c                UART5_IRQHandler
                0x000000000800225c                DMA2_Stream0_IRQHandler
                0x000000000800225c                QUADSPI_IRQHandler
                0x000000000800225c                DMA1_Stream6_IRQHandler
                0x000000000800225c                DMA1_Stream1_IRQHandler
                0x000000000800225c                UART4_IRQHandler
                0x000000000800225c                RCC_IRQHandler
                0x000000000800225c                TIM8_BRK_TIM12_IRQHandler
                0x000000000800225c                Default_Handler
                0x000000000800225c                CEC_IRQHandler
                0x000000000800225c                ADC_IRQHandler
                0x000000000800225c                DMA1_Stream7_IRQHandler
                0x000000000800225c                SPI5_IRQHandler
                0x000000000800225c                TIM7_IRQHandler
                0x000000000800225c                SDMMC1_IRQHandler
                0x000000000800225c                CAN2_TX_IRQHandler
                0x000000000800225c                DMA2_Stream7_IRQHandler
                0x000000000800225c                I2C3_EV_IRQHandler
                0x000000000800225c                EXTI9_5_IRQHandler
                0x000000000800225c                RTC_WKUP_IRQHandler
                0x000000000800225c                LTDC_IRQHandler
                0x000000000800225c                ETH_WKUP_IRQHandler
                0x000000000800225c                SPDIF_RX_IRQHandler
                0x000000000800225c                SPI2_IRQHandler
                0x000000000800225c                OTG_HS_EP1_IN_IRQHandler
                0x000000000800225c                DMA1_Stream0_IRQHandler
                0x000000000800225c                CAN1_TX_IRQHandler
                0x000000000800225c                EXTI4_IRQHandler
                0x000000000800225c                RNG_IRQHandler
                0x000000000800225c                ETH_IRQHandler
                0x000000000800225c                OTG_HS_EP1_OUT_IRQHandler
                0x000000000800225c                WWDG_IRQHandler
                0x000000000800225c                SPI6_IRQHandler
                0x000000000800225c                I2C4_EV_IRQHandler
                0x000000000800225c                OTG_FS_WKUP_IRQHandler
                0x000000000800225c                TIM1_TRG_COM_TIM11_IRQHandler
                0x000000000800225c                OTG_HS_IRQHandler
                0x000000000800225c                DMA2D_IRQHandler
                0x000000000800225c                EXTI1_IRQHandler
                0x000000000800225c                UART7_IRQHandler
                0x000000000800225c                USART2_IRQHandler
                0x000000000800225c                I2C2_ER_IRQHandler
                0x000000000800225c                DMA2_Stream1_IRQHandler
                0x000000000800225c                CAN1_SCE_IRQHandler
                0x000000000800225c                FLASH_IRQHandler
                0x000000000800225c                DMA2_Stream4_IRQHandler
                0x000000000800225c                USART1_IRQHandler
                0x000000000800225c                OTG_FS_IRQHandler
                0x000000000800225c                SPI3_IRQHandler
                0x000000000800225c                DMA1_Stream4_IRQHandler
                0x000000000800225c                FMC_IRQHandler
                0x000000000800225c                LPTIM1_IRQHandler
                0x000000000800225c                I2C4_ER_IRQHandler
                0x000000000800225c                DMA2_Stream6_IRQHandler
                0x000000000800225c                SAI1_IRQHandler
                0x000000000800225c                DMA1_Stream3_IRQHandler
 .text.HAL_Init
                0x000000000800225e       0x1a ./Drivers/STM32F7xx_HAL_Driver/Src/stm32f7xx_hal.o
                0x000000000800225e                HAL_Init
 .text.HAL_InitTick
                0x0000000008002278       0x60 ./Drivers/STM32F7xx_HAL_Driver/Src/stm32f7xx_hal.o
                0x0000000008002278                HAL_InitTick
 .text.HAL_IncTick
                0x00000000080022d8       0x28 ./Drivers/STM32F7xx_HAL_Driver/Src/stm32f7xx_hal.o
                0x00000000080022d8                HAL_IncTick
 .text.HAL_GetTick
                0x0000000008002300       0x18 ./Drivers/STM32F7xx_HAL_Driver/Src/stm32f7xx_hal.o
                0x0000000008002300                HAL_GetTick
 .text.HAL_Delay
                0x0000000008002318       0x48 ./Drivers/STM32F7xx_HAL_Driver/Src/stm32f7xx_hal.o
                0x0000000008002318                HAL_Delay
 .text.__NVIC_SetPriorityGrouping
                0x0000000008002360       0x48 ./Drivers/STM32F7xx_HAL_Driver/Src/stm32f7xx_hal_cortex.o
 .text.__NVIC_GetPriorityGrouping
                0x00000000080023a8       0x1c ./Drivers/STM32F7xx_HAL_Driver/Src/stm32f7xx_hal_cortex.o
 .text.__NVIC_EnableIRQ
                0x00000000080023c4       0x3c ./Drivers/STM32F7xx_HAL_Driver/Src/stm32f7xx_hal_cortex.o
 .text.__NVIC_SetPriority
                0x0000000008002400       0x54 ./Drivers/STM32F7xx_HAL_Driver/Src/stm32f7xx_hal_cortex.o
 .text.NVIC_EncodePriority
                0x0000000008002454       0x66 ./Drivers/STM32F7xx_HAL_Driver/Src/stm32f7xx_hal_cortex.o
 *fill*         0x00000000080024ba        0x2 
 .text.SysTick_Config
                0x00000000080024bc       0x44 ./Drivers/STM32F7xx_HAL_Driver/Src/stm32f7xx_hal_cortex.o
 .text.HAL_NVIC_SetPriorityGrouping
                0x0000000008002500       0x16 ./Drivers/STM32F7xx_HAL_Driver/Src/stm32f7xx_hal_cortex.o
                0x0000000008002500                HAL_NVIC_SetPriorityGrouping
 .text.HAL_NVIC_SetPriority
                0x0000000008002516       0x38 ./Drivers/STM32F7xx_HAL_Driver/Src/stm32f7xx_hal_cortex.o
                0x0000000008002516                HAL_NVIC_SetPriority
 .text.HAL_NVIC_EnableIRQ
                0x000000000800254e       0x1c ./Drivers/STM32F7xx_HAL_Driver/Src/stm32f7xx_hal_cortex.o
                0x000000000800254e                HAL_NVIC_EnableIRQ
 .text.HAL_SYSTICK_Config
                0x000000000800256a       0x18 ./Drivers/STM32F7xx_HAL_Driver/Src/stm32f7xx_hal_cortex.o
                0x000000000800256a                HAL_SYSTICK_Config
 .text.HAL_DMA_Abort
                0x0000000008002582       0xe0 ./Drivers/STM32F7xx_HAL_Driver/Src/stm32f7xx_hal_dma.o
                0x0000000008002582                HAL_DMA_Abort
 .text.HAL_DMA_Abort_IT
                0x0000000008002662       0x44 ./Drivers/STM32F7xx_HAL_Driver/Src/stm32f7xx_hal_dma.o
                0x0000000008002662                HAL_DMA_Abort_IT
 .text.HAL_DMA_GetState
                0x00000000080026a6       0x1c ./Drivers/STM32F7xx_HAL_Driver/Src/stm32f7xx_hal_dma.o
                0x00000000080026a6                HAL_DMA_GetState
 *fill*         0x00000000080026c2        0x2 
 .text.HAL_GPIO_Init
                0x00000000080026c4      0x358 ./Drivers/STM32F7xx_HAL_Driver/Src/stm32f7xx_hal_gpio.o
                0x00000000080026c4                HAL_GPIO_Init
 .text.HAL_GPIO_WritePin
                0x0000000008002a1c       0x32 ./Drivers/STM32F7xx_HAL_Driver/Src/stm32f7xx_hal_gpio.o
                0x0000000008002a1c                HAL_GPIO_WritePin
 .text.HAL_GPIO_TogglePin
                0x0000000008002a4e       0x34 ./Drivers/STM32F7xx_HAL_Driver/Src/stm32f7xx_hal_gpio.o
                0x0000000008002a4e                HAL_GPIO_TogglePin
 *fill*         0x0000000008002a82        0x2 
 .text.HAL_GPIO_EXTI_IRQHandler
                0x0000000008002a84       0x30 ./Drivers/STM32F7xx_HAL_Driver/Src/stm32f7xx_hal_gpio.o
                0x0000000008002a84                HAL_GPIO_EXTI_IRQHandler
 .text.HAL_GPIO_EXTI_Callback
                0x0000000008002ab4       0x16 ./Drivers/STM32F7xx_HAL_Driver/Src/stm32f7xx_hal_gpio.o
                0x0000000008002ab4                HAL_GPIO_EXTI_Callback
 *fill*         0x0000000008002aca        0x2 
 .text.HAL_I2C_Init
                0x0000000008002acc      0x120 ./Drivers/STM32F7xx_HAL_Driver/Src/stm32f7xx_hal_i2c.o
                0x0000000008002acc                HAL_I2C_Init
 .text.HAL_I2C_Master_Transmit
                0x0000000008002bec      0x1e8 ./Drivers/STM32F7xx_HAL_Driver/Src/stm32f7xx_hal_i2c.o
                0x0000000008002bec                HAL_I2C_Master_Transmit
 .text.HAL_I2C_Master_Receive
                0x0000000008002dd4      0x1ec ./Drivers/STM32F7xx_HAL_Driver/Src/stm32f7xx_hal_i2c.o
                0x0000000008002dd4                HAL_I2C_Master_Receive
 .text.HAL_I2C_EV_IRQHandler
                0x0000000008002fc0       0x34 ./Drivers/STM32F7xx_HAL_Driver/Src/stm32f7xx_hal_i2c.o
                0x0000000008002fc0                HAL_I2C_EV_IRQHandler
 .text.HAL_I2C_ER_IRQHandler
                0x0000000008002ff4       0xc2 ./Drivers/STM32F7xx_HAL_Driver/Src/stm32f7xx_hal_i2c.o
                0x0000000008002ff4                HAL_I2C_ER_IRQHandler
 .text.HAL_I2C_SlaveTxCpltCallback
                0x00000000080030b6       0x14 ./Drivers/STM32F7xx_HAL_Driver/Src/stm32f7xx_hal_i2c.o
                0x00000000080030b6                HAL_I2C_SlaveTxCpltCallback
 .text.HAL_I2C_SlaveRxCpltCallback
                0x00000000080030ca       0x14 ./Drivers/STM32F7xx_HAL_Driver/Src/stm32f7xx_hal_i2c.o
                0x00000000080030ca                HAL_I2C_SlaveRxCpltCallback
 .text.HAL_I2C_AddrCallback
                0x00000000080030de       0x1c ./Drivers/STM32F7xx_HAL_Driver/Src/stm32f7xx_hal_i2c.o
                0x00000000080030de                HAL_I2C_AddrCallback
 .text.HAL_I2C_ListenCpltCallback
                0x00000000080030fa       0x14 ./Drivers/STM32F7xx_HAL_Driver/Src/stm32f7xx_hal_i2c.o
                0x00000000080030fa                HAL_I2C_ListenCpltCallback
 .text.HAL_I2C_ErrorCallback
                0x000000000800310e       0x14 ./Drivers/STM32F7xx_HAL_Driver/Src/stm32f7xx_hal_i2c.o
                0x000000000800310e                HAL_I2C_ErrorCallback
 .text.HAL_I2C_AbortCpltCallback
                0x0000000008003122       0x14 ./Drivers/STM32F7xx_HAL_Driver/Src/stm32f7xx_hal_i2c.o
                0x0000000008003122                HAL_I2C_AbortCpltCallback
 .text.I2C_Slave_ISR_IT
                0x0000000008003136      0x206 ./Drivers/STM32F7xx_HAL_Driver/Src/stm32f7xx_hal_i2c.o
 .text.I2C_ITAddrCplt
                0x000000000800333c      0x108 ./Drivers/STM32F7xx_HAL_Driver/Src/stm32f7xx_hal_i2c.o
 .text.I2C_ITSlaveSeqCplt
                0x0000000008003444       0xbc ./Drivers/STM32F7xx_HAL_Driver/Src/stm32f7xx_hal_i2c.o
 .text.I2C_ITSlaveCplt
                0x0000000008003500      0x214 ./Drivers/STM32F7xx_HAL_Driver/Src/stm32f7xx_hal_i2c.o
 .text.I2C_ITListenCplt
                0x0000000008003714       0xac ./Drivers/STM32F7xx_HAL_Driver/Src/stm32f7xx_hal_i2c.o
 .text.I2C_ITError
                0x00000000080037c0      0x1a0 ./Drivers/STM32F7xx_HAL_Driver/Src/stm32f7xx_hal_i2c.o
 .text.I2C_TreatErrorCallback
                0x0000000008003960       0x4e ./Drivers/STM32F7xx_HAL_Driver/Src/stm32f7xx_hal_i2c.o
 .text.I2C_Flush_TXDR
                0x00000000080039ae       0x48 ./Drivers/STM32F7xx_HAL_Driver/Src/stm32f7xx_hal_i2c.o
 .text.I2C_DMAAbort
                0x00000000080039f6       0x3c ./Drivers/STM32F7xx_HAL_Driver/Src/stm32f7xx_hal_i2c.o
 .text.I2C_WaitOnFlagUntilTimeout
                0x0000000008003a32       0x80 ./Drivers/STM32F7xx_HAL_Driver/Src/stm32f7xx_hal_i2c.o
 .text.I2C_WaitOnTXISFlagUntilTimeout
                0x0000000008003ab2       0x80 ./Drivers/STM32F7xx_HAL_Driver/Src/stm32f7xx_hal_i2c.o
 .text.I2C_WaitOnSTOPFlagUntilTimeout
                0x0000000008003b32       0x78 ./Drivers/STM32F7xx_HAL_Driver/Src/stm32f7xx_hal_i2c.o
 *fill*         0x0000000008003baa        0x2 
 .text.I2C_WaitOnRXNEFlagUntilTimeout
                0x0000000008003bac       0xf4 ./Drivers/STM32F7xx_HAL_Driver/Src/stm32f7xx_hal_i2c.o
 .text.I2C_IsErrorOccurred
                0x0000000008003ca0      0x1d8 ./Drivers/STM32F7xx_HAL_Driver/Src/stm32f7xx_hal_i2c.o
 .text.I2C_TransferConfig
                0x0000000008003e78       0x64 ./Drivers/STM32F7xx_HAL_Driver/Src/stm32f7xx_hal_i2c.o
 .text.I2C_Disable_IRQ
                0x0000000008003edc       0xbc ./Drivers/STM32F7xx_HAL_Driver/Src/stm32f7xx_hal_i2c.o
 .text.HAL_I2CEx_ConfigAnalogFilter
                0x0000000008003f98       0x96 ./Drivers/STM32F7xx_HAL_Driver/Src/stm32f7xx_hal_i2c_ex.o
                0x0000000008003f98                HAL_I2CEx_ConfigAnalogFilter
 .text.HAL_I2CEx_ConfigDigitalFilter
                0x000000000800402e       0x98 ./Drivers/STM32F7xx_HAL_Driver/Src/stm32f7xx_hal_i2c_ex.o
                0x000000000800402e                HAL_I2CEx_ConfigDigitalFilter
 *fill*         0x00000000080040c6        0x2 
 .text.HAL_PWR_EnableBkUpAccess
                0x00000000080040c8       0x20 ./Drivers/STM32F7xx_HAL_Driver/Src/stm32f7xx_hal_pwr.o
                0x00000000080040c8                HAL_PWR_EnableBkUpAccess
 .text.HAL_PWREx_EnableOverDrive
                0x00000000080040e8       0xa0 ./Drivers/STM32F7xx_HAL_Driver/Src/stm32f7xx_hal_pwr_ex.o
                0x00000000080040e8                HAL_PWREx_EnableOverDrive
 .text.HAL_RCC_OscConfig
                0x0000000008004188      0x548 ./Drivers/STM32F7xx_HAL_Driver/Src/stm32f7xx_hal_rcc.o
                0x0000000008004188                HAL_RCC_OscConfig
 .text.HAL_RCC_ClockConfig
                0x00000000080046d0      0x1d8 ./Drivers/STM32F7xx_HAL_Driver/Src/stm32f7xx_hal_rcc.o
                0x00000000080046d0                HAL_RCC_ClockConfig
 .text.HAL_RCC_GetSysClockFreq
                0x00000000080048a8      0x1c4 ./Drivers/STM32F7xx_HAL_Driver/Src/stm32f7xx_hal_rcc.o
                0x00000000080048a8                HAL_RCC_GetSysClockFreq
 .text.HAL_RCC_GetHCLKFreq
                0x0000000008004a6c       0x18 ./Drivers/STM32F7xx_HAL_Driver/Src/stm32f7xx_hal_rcc.o
                0x0000000008004a6c                HAL_RCC_GetHCLKFreq
 .text.HAL_RCC_GetPCLK1Freq
                0x0000000008004a84       0x28 ./Drivers/STM32F7xx_HAL_Driver/Src/stm32f7xx_hal_rcc.o
                0x0000000008004a84                HAL_RCC_GetPCLK1Freq
 .text.HAL_RCC_GetPCLK2Freq
                0x0000000008004aac       0x28 ./Drivers/STM32F7xx_HAL_Driver/Src/stm32f7xx_hal_rcc.o
                0x0000000008004aac                HAL_RCC_GetPCLK2Freq
 .text.HAL_RCCEx_PeriphCLKConfig
                0x0000000008004ad4      0x7e0 ./Drivers/STM32F7xx_HAL_Driver/Src/stm32f7xx_hal_rcc_ex.o
                0x0000000008004ad4                HAL_RCCEx_PeriphCLKConfig
 .text.HAL_TIM_Base_Init
                0x00000000080052b4       0xae ./Drivers/STM32F7xx_HAL_Driver/Src/stm32f7xx_hal_tim.o
                0x00000000080052b4                HAL_TIM_Base_Init
 *fill*         0x0000000008005362        0x2 
 .text.HAL_TIM_Base_Start_IT
                0x0000000008005364       0xf0 ./Drivers/STM32F7xx_HAL_Driver/Src/stm32f7xx_hal_tim.o
                0x0000000008005364                HAL_TIM_Base_Start_IT
 .text.HAL_TIM_PWM_Init
                0x0000000008005454       0xae ./Drivers/STM32F7xx_HAL_Driver/Src/stm32f7xx_hal_tim.o
                0x0000000008005454                HAL_TIM_PWM_Init
 .text.HAL_TIM_PWM_MspInit
                0x0000000008005502       0x14 ./Drivers/STM32F7xx_HAL_Driver/Src/stm32f7xx_hal_tim.o
                0x0000000008005502                HAL_TIM_PWM_MspInit
 *fill*         0x0000000008005516        0x2 
 .text.HAL_TIM_PWM_Start
                0x0000000008005518      0x1f4 ./Drivers/STM32F7xx_HAL_Driver/Src/stm32f7xx_hal_tim.o
                0x0000000008005518                HAL_TIM_PWM_Start
 .text.HAL_TIM_Encoder_Init
                0x000000000800570c      0x14c ./Drivers/STM32F7xx_HAL_Driver/Src/stm32f7xx_hal_tim.o
                0x000000000800570c                HAL_TIM_Encoder_Init
 .text.HAL_TIM_Encoder_Start_IT
                0x0000000008005858      0x15c ./Drivers/STM32F7xx_HAL_Driver/Src/stm32f7xx_hal_tim.o
                0x0000000008005858                HAL_TIM_Encoder_Start_IT
 .text.HAL_TIM_IRQHandler
                0x00000000080059b4      0x23e ./Drivers/STM32F7xx_HAL_Driver/Src/stm32f7xx_hal_tim.o
                0x00000000080059b4                HAL_TIM_IRQHandler
 *fill*         0x0000000008005bf2        0x2 
 .text.HAL_TIM_PWM_ConfigChannel
                0x0000000008005bf4      0x228 ./Drivers/STM32F7xx_HAL_Driver/Src/stm32f7xx_hal_tim.o
                0x0000000008005bf4                HAL_TIM_PWM_ConfigChannel
 .text.HAL_TIM_ConfigClockSource
                0x0000000008005e1c      0x194 ./Drivers/STM32F7xx_HAL_Driver/Src/stm32f7xx_hal_tim.o
                0x0000000008005e1c                HAL_TIM_ConfigClockSource
 .text.HAL_TIM_OC_DelayElapsedCallback
                0x0000000008005fb0       0x14 ./Drivers/STM32F7xx_HAL_Driver/Src/stm32f7xx_hal_tim.o
                0x0000000008005fb0                HAL_TIM_OC_DelayElapsedCallback
 .text.HAL_TIM_PWM_PulseFinishedCallback
                0x0000000008005fc4       0x14 ./Drivers/STM32F7xx_HAL_Driver/Src/stm32f7xx_hal_tim.o
                0x0000000008005fc4                HAL_TIM_PWM_PulseFinishedCallback
 .text.HAL_TIM_TriggerCallback
                0x0000000008005fd8       0x14 ./Drivers/STM32F7xx_HAL_Driver/Src/stm32f7xx_hal_tim.o
                0x0000000008005fd8                HAL_TIM_TriggerCallback
 .text.TIM_Base_SetConfig
                0x0000000008005fec      0x140 ./Drivers/STM32F7xx_HAL_Driver/Src/stm32f7xx_hal_tim.o
                0x0000000008005fec                TIM_Base_SetConfig
 .text.TIM_OC1_SetConfig
                0x000000000800612c       0xe4 ./Drivers/STM32F7xx_HAL_Driver/Src/stm32f7xx_hal_tim.o
 .text.TIM_OC2_SetConfig
                0x0000000008006210       0xf0 ./Drivers/STM32F7xx_HAL_Driver/Src/stm32f7xx_hal_tim.o
                0x0000000008006210                TIM_OC2_SetConfig
 .text.TIM_OC3_SetConfig
                0x0000000008006300       0xec ./Drivers/STM32F7xx_HAL_Driver/Src/stm32f7xx_hal_tim.o
 .text.TIM_OC4_SetConfig
                0x00000000080063ec       0xb0 ./Drivers/STM32F7xx_HAL_Driver/Src/stm32f7xx_hal_tim.o
 .text.TIM_OC5_SetConfig
                0x000000000800649c       0xa4 ./Drivers/STM32F7xx_HAL_Driver/Src/stm32f7xx_hal_tim.o
 .text.TIM_OC6_SetConfig
                0x0000000008006540       0xa8 ./Drivers/STM32F7xx_HAL_Driver/Src/stm32f7xx_hal_tim.o
 .text.TIM_TI1_ConfigInputStage
                0x00000000080065e8       0x5e ./Drivers/STM32F7xx_HAL_Driver/Src/stm32f7xx_hal_tim.o
 .text.TIM_TI2_ConfigInputStage
                0x0000000008006646       0x60 ./Drivers/STM32F7xx_HAL_Driver/Src/stm32f7xx_hal_tim.o
 .text.TIM_ITRx_SetConfig
                0x00000000080066a6       0x36 ./Drivers/STM32F7xx_HAL_Driver/Src/stm32f7xx_hal_tim.o
 .text.TIM_ETR_SetConfig
                0x00000000080066dc       0x40 ./Drivers/STM32F7xx_HAL_Driver/Src/stm32f7xx_hal_tim.o
                0x00000000080066dc                TIM_ETR_SetConfig
 .text.TIM_CCxChannelCmd
                0x000000000800671c       0x4a ./Drivers/STM32F7xx_HAL_Driver/Src/stm32f7xx_hal_tim.o
                0x000000000800671c                TIM_CCxChannelCmd
 *fill*         0x0000000008006766        0x2 
 .text.HAL_TIMEx_MasterConfigSynchronization
                0x0000000008006768      0x11c ./Drivers/STM32F7xx_HAL_Driver/Src/stm32f7xx_hal_tim_ex.o
                0x0000000008006768                HAL_TIMEx_MasterConfigSynchronization
 .text.HAL_TIMEx_CommutCallback
                0x0000000008006884       0x14 ./Drivers/STM32F7xx_HAL_Driver/Src/stm32f7xx_hal_tim_ex.o
                0x0000000008006884                HAL_TIMEx_CommutCallback
 .text.HAL_TIMEx_BreakCallback
                0x0000000008006898       0x14 ./Drivers/STM32F7xx_HAL_Driver/Src/stm32f7xx_hal_tim_ex.o
                0x0000000008006898                HAL_TIMEx_BreakCallback
 .text.HAL_TIMEx_Break2Callback
                0x00000000080068ac       0x14 ./Drivers/STM32F7xx_HAL_Driver/Src/stm32f7xx_hal_tim_ex.o
                0x00000000080068ac                HAL_TIMEx_Break2Callback
 .text.HAL_UART_Init
                0x00000000080068c0       0x9c ./Drivers/STM32F7xx_HAL_Driver/Src/stm32f7xx_hal_uart.o
                0x00000000080068c0                HAL_UART_Init
 .text.HAL_UART_Transmit
                0x000000000800695c      0x126 ./Drivers/STM32F7xx_HAL_Driver/Src/stm32f7xx_hal_uart.o
                0x000000000800695c                HAL_UART_Transmit
 .text.HAL_UART_Receive_IT
                0x0000000008006a82       0x9c ./Drivers/STM32F7xx_HAL_Driver/Src/stm32f7xx_hal_uart.o
                0x0000000008006a82                HAL_UART_Receive_IT
 *fill*         0x0000000008006b1e        0x2 
 .text.HAL_UART_IRQHandler
                0x0000000008006b20      0x594 ./Drivers/STM32F7xx_HAL_Driver/Src/stm32f7xx_hal_uart.o
                0x0000000008006b20                HAL_UART_IRQHandler
 .text.HAL_UART_TxCpltCallback
                0x00000000080070b4       0x14 ./Drivers/STM32F7xx_HAL_Driver/Src/stm32f7xx_hal_uart.o
                0x00000000080070b4                HAL_UART_TxCpltCallback
 .text.HAL_UART_ErrorCallback
                0x00000000080070c8       0x14 ./Drivers/STM32F7xx_HAL_Driver/Src/stm32f7xx_hal_uart.o
                0x00000000080070c8                HAL_UART_ErrorCallback
 .text.HAL_UARTEx_RxEventCallback
                0x00000000080070dc       0x18 ./Drivers/STM32F7xx_HAL_Driver/Src/stm32f7xx_hal_uart.o
                0x00000000080070dc                HAL_UARTEx_RxEventCallback
 .text.UART_SetConfig
                0x00000000080070f4      0x4c4 ./Drivers/STM32F7xx_HAL_Driver/Src/stm32f7xx_hal_uart.o
                0x00000000080070f4                UART_SetConfig
 .text.UART_AdvFeatureConfig
                0x00000000080075b8      0x144 ./Drivers/STM32F7xx_HAL_Driver/Src/stm32f7xx_hal_uart.o
                0x00000000080075b8                UART_AdvFeatureConfig
 .text.UART_CheckIdleState
                0x00000000080076fc       0x66 ./Drivers/STM32F7xx_HAL_Driver/Src/stm32f7xx_hal_uart.o
                0x00000000080076fc                UART_CheckIdleState
 .text.UART_WaitOnFlagUntilTimeout
                0x0000000008007762      0x188 ./Drivers/STM32F7xx_HAL_Driver/Src/stm32f7xx_hal_uart.o
                0x0000000008007762                UART_WaitOnFlagUntilTimeout
 *fill*         0x00000000080078ea        0x2 
 .text.UART_Start_Receive_IT
                0x00000000080078ec      0x194 ./Drivers/STM32F7xx_HAL_Driver/Src/stm32f7xx_hal_uart.o
                0x00000000080078ec                UART_Start_Receive_IT
 .text.UART_EndRxTransfer
                0x0000000008007a80       0xc6 ./Drivers/STM32F7xx_HAL_Driver/Src/stm32f7xx_hal_uart.o
 .text.UART_DMAAbortOnError
                0x0000000008007b46       0x2c ./Drivers/STM32F7xx_HAL_Driver/Src/stm32f7xx_hal_uart.o
 .text.UART_EndTransmit_IT
                0x0000000008007b72       0x54 ./Drivers/STM32F7xx_HAL_Driver/Src/stm32f7xx_hal_uart.o
 .text.UART_RxISR_8BIT
                0x0000000008007bc6      0x15c ./Drivers/STM32F7xx_HAL_Driver/Src/stm32f7xx_hal_uart.o
 .text.UART_RxISR_16BIT
                0x0000000008007d22      0x15c ./Drivers/STM32F7xx_HAL_Driver/Src/stm32f7xx_hal_uart.o
 *fill*         0x0000000008007e7e        0x2 
 .text.__errno  0x0000000008007e80        0xc c:/st/stm32cubeide_1.8.0/stm32cubeide/plugins/com.st.stm32cube.ide.mcu.externaltools.gnu-tools-for-stm32.9-2020-q2-update.win32_2.0.0.202105311346/tools/bin/../lib/gcc/arm-none-eabi/9.3.1/../../../../arm-none-eabi/lib/thumb/v7e-m+fp/hard\libc_nano.a(lib_a-errno.o)
                0x0000000008007e80                __errno
 .text.__libc_init_array
                0x0000000008007e8c       0x48 c:/st/stm32cubeide_1.8.0/stm32cubeide/plugins/com.st.stm32cube.ide.mcu.externaltools.gnu-tools-for-stm32.9-2020-q2-update.win32_2.0.0.202105311346/tools/bin/../lib/gcc/arm-none-eabi/9.3.1/../../../../arm-none-eabi/lib/thumb/v7e-m+fp/hard\libc_nano.a(lib_a-init.o)
                0x0000000008007e8c                __libc_init_array
 .text.memset   0x0000000008007ed4       0x10 c:/st/stm32cubeide_1.8.0/stm32cubeide/plugins/com.st.stm32cube.ide.mcu.externaltools.gnu-tools-for-stm32.9-2020-q2-update.win32_2.0.0.202105311346/tools/bin/../lib/gcc/arm-none-eabi/9.3.1/../../../../arm-none-eabi/lib/thumb/v7e-m+fp/hard\libc_nano.a(lib_a-memset.o)
                0x0000000008007ed4                memset
 .text.snprintf
                0x0000000008007ee4       0x68 c:/st/stm32cubeide_1.8.0/stm32cubeide/plugins/com.st.stm32cube.ide.mcu.externaltools.gnu-tools-for-stm32.9-2020-q2-update.win32_2.0.0.202105311346/tools/bin/../lib/gcc/arm-none-eabi/9.3.1/../../../../arm-none-eabi/lib/thumb/v7e-m+fp/hard\libc_nano.a(lib_a-snprintf.o)
                0x0000000008007ee4                sniprintf
                0x0000000008007ee4                snprintf
 .text.sprintf  0x0000000008007f4c       0x40 c:/st/stm32cubeide_1.8.0/stm32cubeide/plugins/com.st.stm32cube.ide.mcu.externaltools.gnu-tools-for-stm32.9-2020-q2-update.win32_2.0.0.202105311346/tools/bin/../lib/gcc/arm-none-eabi/9.3.1/../../../../arm-none-eabi/lib/thumb/v7e-m+fp/hard\libc_nano.a(lib_a-sprintf.o)
                0x0000000008007f4c                siprintf
                0x0000000008007f4c                sprintf
 .text.__ssputs_r
                0x0000000008007f8c       0xb6 c:/st/stm32cubeide_1.8.0/stm32cubeide/plugins/com.st.stm32cube.ide.mcu.externaltools.gnu-tools-for-stm32.9-2020-q2-update.win32_2.0.0.202105311346/tools/bin/../lib/gcc/arm-none-eabi/9.3.1/../../../../arm-none-eabi/lib/thumb/v7e-m+fp/hard\libc_nano.a(lib_a-nano-svfprintf.o)
                0x0000000008007f8c                __ssputs_r
 *fill*         0x0000000008008042        0x2 
 .text._svfprintf_r
                0x0000000008008044      0x200 c:/st/stm32cubeide_1.8.0/stm32cubeide/plugins/com.st.stm32cube.ide.mcu.externaltools.gnu-tools-for-stm32.9-2020-q2-update.win32_2.0.0.202105311346/tools/bin/../lib/gcc/arm-none-eabi/9.3.1/../../../../arm-none-eabi/lib/thumb/v7e-m+fp/hard\libc_nano.a(lib_a-nano-svfprintf.o)
                0x0000000008008044                _svfiprintf_r
                0x0000000008008044                _svfprintf_r
 .text._printf_common
                0x0000000008008244       0xda c:/st/stm32cubeide_1.8.0/stm32cubeide/plugins/com.st.stm32cube.ide.mcu.externaltools.gnu-tools-for-stm32.9-2020-q2-update.win32_2.0.0.202105311346/tools/bin/../lib/gcc/arm-none-eabi/9.3.1/../../../../arm-none-eabi/lib/thumb/v7e-m+fp/hard\libc_nano.a(lib_a-nano-vfprintf_i.o)
                0x0000000008008244                _printf_common
 *fill*         0x000000000800831e        0x2 
 .text._printf_i
                0x0000000008008320      0x24c c:/st/stm32cubeide_1.8.0/stm32cubeide/plugins/com.st.stm32cube.ide.mcu.externaltools.gnu-tools-for-stm32.9-2020-q2-update.win32_2.0.0.202105311346/tools/bin/../lib/gcc/arm-none-eabi/9.3.1/../../../../arm-none-eabi/lib/thumb/v7e-m+fp/hard\libc_nano.a(lib_a-nano-vfprintf_i.o)
                0x0000000008008320                _printf_i
 .text.memcpy   0x000000000800856c       0x1c c:/st/stm32cubeide_1.8.0/stm32cubeide/plugins/com.st.stm32cube.ide.mcu.externaltools.gnu-tools-for-stm32.9-2020-q2-update.win32_2.0.0.202105311346/tools/bin/../lib/gcc/arm-none-eabi/9.3.1/../../../../arm-none-eabi/lib/thumb/v7e-m+fp/hard\libc_nano.a(lib_a-memcpy-stub.o)
                0x000000000800856c                memcpy
 .text.memmove  0x0000000008008588       0x34 c:/st/stm32cubeide_1.8.0/stm32cubeide/plugins/com.st.stm32cube.ide.mcu.externaltools.gnu-tools-for-stm32.9-2020-q2-update.win32_2.0.0.202105311346/tools/bin/../lib/gcc/arm-none-eabi/9.3.1/../../../../arm-none-eabi/lib/thumb/v7e-m+fp/hard\libc_nano.a(lib_a-memmove.o)
                0x0000000008008588                memmove
 .text._free_r  0x00000000080085bc       0xa0 c:/st/stm32cubeide_1.8.0/stm32cubeide/plugins/com.st.stm32cube.ide.mcu.externaltools.gnu-tools-for-stm32.9-2020-q2-update.win32_2.0.0.202105311346/tools/bin/../lib/gcc/arm-none-eabi/9.3.1/../../../../arm-none-eabi/lib/thumb/v7e-m+fp/hard\libc_nano.a(lib_a-nano-freer.o)
                0x00000000080085bc                _free_r
 .text._malloc_r
                0x000000000800865c       0xb4 c:/st/stm32cubeide_1.8.0/stm32cubeide/plugins/com.st.stm32cube.ide.mcu.externaltools.gnu-tools-for-stm32.9-2020-q2-update.win32_2.0.0.202105311346/tools/bin/../lib/gcc/arm-none-eabi/9.3.1/../../../../arm-none-eabi/lib/thumb/v7e-m+fp/hard\libc_nano.a(lib_a-nano-mallocr.o)
                0x000000000800865c                _malloc_r
 .text._realloc_r
                0x0000000008008710       0x4c c:/st/stm32cubeide_1.8.0/stm32cubeide/plugins/com.st.stm32cube.ide.mcu.externaltools.gnu-tools-for-stm32.9-2020-q2-update.win32_2.0.0.202105311346/tools/bin/../lib/gcc/arm-none-eabi/9.3.1/../../../../arm-none-eabi/lib/thumb/v7e-m+fp/hard\libc_nano.a(lib_a-nano-reallocr.o)
                0x0000000008008710                _realloc_r
 .text._sbrk_r  0x000000000800875c       0x20 c:/st/stm32cubeide_1.8.0/stm32cubeide/plugins/com.st.stm32cube.ide.mcu.externaltools.gnu-tools-for-stm32.9-2020-q2-update.win32_2.0.0.202105311346/tools/bin/../lib/gcc/arm-none-eabi/9.3.1/../../../../arm-none-eabi/lib/thumb/v7e-m+fp/hard\libc_nano.a(lib_a-sbrkr.o)
                0x000000000800875c                _sbrk_r
 .text.__malloc_lock
                0x000000000800877c        0xc c:/st/stm32cubeide_1.8.0/stm32cubeide/plugins/com.st.stm32cube.ide.mcu.externaltools.gnu-tools-for-stm32.9-2020-q2-update.win32_2.0.0.202105311346/tools/bin/../lib/gcc/arm-none-eabi/9.3.1/../../../../arm-none-eabi/lib/thumb/v7e-m+fp/hard\libc_nano.a(lib_a-mlock.o)
                0x000000000800877c                __malloc_lock
 .text.__malloc_unlock
                0x0000000008008788        0xc c:/st/stm32cubeide_1.8.0/stm32cubeide/plugins/com.st.stm32cube.ide.mcu.externaltools.gnu-tools-for-stm32.9-2020-q2-update.win32_2.0.0.202105311346/tools/bin/../lib/gcc/arm-none-eabi/9.3.1/../../../../arm-none-eabi/lib/thumb/v7e-m+fp/hard\libc_nano.a(lib_a-mlock.o)
                0x0000000008008788                __malloc_unlock
 .text._malloc_usable_size_r
                0x0000000008008794       0x10 c:/st/stm32cubeide_1.8.0/stm32cubeide/plugins/com.st.stm32cube.ide.mcu.externaltools.gnu-tools-for-stm32.9-2020-q2-update.win32_2.0.0.202105311346/tools/bin/../lib/gcc/arm-none-eabi/9.3.1/../../../../arm-none-eabi/lib/thumb/v7e-m+fp/hard\libc_nano.a(lib_a-nano-msizer.o)
                0x0000000008008794                _malloc_usable_size_r
 .text.__retarget_lock_acquire_recursive
                0x00000000080087a4        0x2 c:/st/stm32cubeide_1.8.0/stm32cubeide/plugins/com.st.stm32cube.ide.mcu.externaltools.gnu-tools-for-stm32.9-2020-q2-update.win32_2.0.0.202105311346/tools/bin/../lib/gcc/arm-none-eabi/9.3.1/../../../../arm-none-eabi/lib/thumb/v7e-m+fp/hard\libc_nano.a(lib_a-lock.o)
                0x00000000080087a4                __retarget_lock_acquire_recursive
 .text.__retarget_lock_release_recursive
                0x00000000080087a6        0x2 c:/st/stm32cubeide_1.8.0/stm32cubeide/plugins/com.st.stm32cube.ide.mcu.externaltools.gnu-tools-for-stm32.9-2020-q2-update.win32_2.0.0.202105311346/tools/bin/../lib/gcc/arm-none-eabi/9.3.1/../../../../arm-none-eabi/lib/thumb/v7e-m+fp/hard\libc_nano.a(lib_a-lock.o)
                0x00000000080087a6                __retarget_lock_release_recursive
 *(.glue_7)
 .glue_7        0x00000000080087a8        0x0 linker stubs
 *(.glue_7t)
 .glue_7t       0x00000000080087a8        0x0 linker stubs
 *(.eh_frame)
 .eh_frame      0x00000000080087a8        0x0 c:/st/stm32cubeide_1.8.0/stm32cubeide/plugins/com.st.stm32cube.ide.mcu.externaltools.gnu-tools-for-stm32.9-2020-q2-update.win32_2.0.0.202105311346/tools/bin/../lib/gcc/arm-none-eabi/9.3.1/thumb/v7e-m+fp/hard/crtbegin.o
 *(.init)
 .init          0x00000000080087a8        0x4 c:/st/stm32cubeide_1.8.0/stm32cubeide/plugins/com.st.stm32cube.ide.mcu.externaltools.gnu-tools-for-stm32.9-2020-q2-update.win32_2.0.0.202105311346/tools/bin/../lib/gcc/arm-none-eabi/9.3.1/thumb/v7e-m+fp/hard/crti.o
                0x00000000080087a8                _init
 .init          0x00000000080087ac        0x8 c:/st/stm32cubeide_1.8.0/stm32cubeide/plugins/com.st.stm32cube.ide.mcu.externaltools.gnu-tools-for-stm32.9-2020-q2-update.win32_2.0.0.202105311346/tools/bin/../lib/gcc/arm-none-eabi/9.3.1/thumb/v7e-m+fp/hard/crtn.o
 *(.fini)
 .fini          0x00000000080087b4        0x4 c:/st/stm32cubeide_1.8.0/stm32cubeide/plugins/com.st.stm32cube.ide.mcu.externaltools.gnu-tools-for-stm32.9-2020-q2-update.win32_2.0.0.202105311346/tools/bin/../lib/gcc/arm-none-eabi/9.3.1/thumb/v7e-m+fp/hard/crti.o
                0x00000000080087b4                _fini
 .fini          0x00000000080087b8        0x8 c:/st/stm32cubeide_1.8.0/stm32cubeide/plugins/com.st.stm32cube.ide.mcu.externaltools.gnu-tools-for-stm32.9-2020-q2-update.win32_2.0.0.202105311346/tools/bin/../lib/gcc/arm-none-eabi/9.3.1/thumb/v7e-m+fp/hard/crtn.o
                0x00000000080087c0                . = ALIGN (0x4)
                0x00000000080087c0                _etext = .

.vfp11_veneer   0x00000000080087c0        0x0
 .vfp11_veneer  0x00000000080087c0        0x0 linker stubs

.v4_bx          0x00000000080087c0        0x0
 .v4_bx         0x00000000080087c0        0x0 linker stubs

.iplt           0x00000000080087c0        0x0
 .iplt          0x00000000080087c0        0x0 c:/st/stm32cubeide_1.8.0/stm32cubeide/plugins/com.st.stm32cube.ide.mcu.externaltools.gnu-tools-for-stm32.9-2020-q2-update.win32_2.0.0.202105311346/tools/bin/../lib/gcc/arm-none-eabi/9.3.1/thumb/v7e-m+fp/hard/crtbegin.o

.rodata         0x00000000080087c0       0x94
                0x00000000080087c0                . = ALIGN (0x4)
 *(.rodata)
 .rodata        0x00000000080087c0       0x47 ./Core/Src/main.o
 *(.rodata*)
 *fill*         0x0000000008008807        0x1 
 .rodata.AHBPrescTable
                0x0000000008008808       0x10 ./Core/Src/system_stm32f7xx.o
                0x0000000008008808                AHBPrescTable
 .rodata.APBPrescTable
                0x0000000008008818        0x8 ./Core/Src/system_stm32f7xx.o
                0x0000000008008818                APBPrescTable
 .rodata._svfprintf_r.str1.1
                0x0000000008008820       0x11 c:/st/stm32cubeide_1.8.0/stm32cubeide/plugins/com.st.stm32cube.ide.mcu.externaltools.gnu-tools-for-stm32.9-2020-q2-update.win32_2.0.0.202105311346/tools/bin/../lib/gcc/arm-none-eabi/9.3.1/../../../../arm-none-eabi/lib/thumb/v7e-m+fp/hard\libc_nano.a(lib_a-nano-svfprintf.o)
 .rodata._printf_i.str1.1
                0x0000000008008831       0x22 c:/st/stm32cubeide_1.8.0/stm32cubeide/plugins/com.st.stm32cube.ide.mcu.externaltools.gnu-tools-for-stm32.9-2020-q2-update.win32_2.0.0.202105311346/tools/bin/../lib/gcc/arm-none-eabi/9.3.1/../../../../arm-none-eabi/lib/thumb/v7e-m+fp/hard\libc_nano.a(lib_a-nano-vfprintf_i.o)
                0x0000000008008854                . = ALIGN (0x4)
 *fill*         0x0000000008008853        0x1 

.ARM.extab      0x0000000008008854        0x0
                0x0000000008008854                . = ALIGN (0x4)
 *(.ARM.extab* .gnu.linkonce.armextab.*)
                0x0000000008008854                . = ALIGN (0x4)

.ARM            0x0000000008008854        0x8
                0x0000000008008854                . = ALIGN (0x4)
                0x0000000008008854                __exidx_start = .
 *(.ARM.exidx*)
 .ARM.exidx     0x0000000008008854        0x8 c:/st/stm32cubeide_1.8.0/stm32cubeide/plugins/com.st.stm32cube.ide.mcu.externaltools.gnu-tools-for-stm32.9-2020-q2-update.win32_2.0.0.202105311346/tools/bin/../lib/gcc/arm-none-eabi/9.3.1/thumb/v7e-m+fp/hard\libgcc.a(_udivmoddi4.o)
                0x000000000800885c                __exidx_end = .
                0x000000000800885c                . = ALIGN (0x4)

.rel.dyn        0x000000000800885c        0x0
 .rel.iplt      0x000000000800885c        0x0 c:/st/stm32cubeide_1.8.0/stm32cubeide/plugins/com.st.stm32cube.ide.mcu.externaltools.gnu-tools-for-stm32.9-2020-q2-update.win32_2.0.0.202105311346/tools/bin/../lib/gcc/arm-none-eabi/9.3.1/thumb/v7e-m+fp/hard/crtbegin.o

.preinit_array  0x000000000800885c        0x0
                0x000000000800885c                . = ALIGN (0x4)
                0x000000000800885c                PROVIDE (__preinit_array_start = .)
 *(.preinit_array*)
                0x000000000800885c                PROVIDE (__preinit_array_end = .)
                0x000000000800885c                . = ALIGN (0x4)

.init_array     0x000000000800885c        0x4
                0x000000000800885c                . = ALIGN (0x4)
                0x000000000800885c                PROVIDE (__init_array_start = .)
 *(SORT_BY_NAME(.init_array.*))
 *(.init_array*)
 .init_array    0x000000000800885c        0x4 c:/st/stm32cubeide_1.8.0/stm32cubeide/plugins/com.st.stm32cube.ide.mcu.externaltools.gnu-tools-for-stm32.9-2020-q2-update.win32_2.0.0.202105311346/tools/bin/../lib/gcc/arm-none-eabi/9.3.1/thumb/v7e-m+fp/hard/crtbegin.o
                0x0000000008008860                PROVIDE (__init_array_end = .)
                0x0000000008008860                . = ALIGN (0x4)

.fini_array     0x0000000008008860        0x4
                0x0000000008008860                . = ALIGN (0x4)
                [!provide]                        PROVIDE (__fini_array_start = .)
 *(SORT_BY_NAME(.fini_array.*))
 *(.fini_array*)
 .fini_array    0x0000000008008860        0x4 c:/st/stm32cubeide_1.8.0/stm32cubeide/plugins/com.st.stm32cube.ide.mcu.externaltools.gnu-tools-for-stm32.9-2020-q2-update.win32_2.0.0.202105311346/tools/bin/../lib/gcc/arm-none-eabi/9.3.1/thumb/v7e-m+fp/hard/crtbegin.o
                [!provide]                        PROVIDE (__fini_array_end = .)
                0x0000000008008864                . = ALIGN (0x4)
                0x0000000008008864                _sidata = LOADADDR (.data)

.data           0x0000000020000000       0x88 load address 0x0000000008008864
                0x0000000020000000                . = ALIGN (0x4)
                0x0000000020000000                _sdata = .
 *(.data)
 *(.data*)
 .data.hbh1750_1
                0x0000000020000000        0xc ./Core/Src/bh1750_config.o
                0x0000000020000000                hbh1750_1
 .data.set_point
                0x000000002000000c        0x4 ./Core/Src/main.o
                0x000000002000000c                set_point
 .data.kp       0x0000000020000010        0x4 ./Core/Src/main.o
                0x0000000020000010                kp
 .data.ki       0x0000000020000014        0x4 ./Core/Src/main.o
                0x0000000020000014                ki
 .data.SystemCoreClock
                0x0000000020000018        0x4 ./Core/Src/system_stm32f7xx.o
                0x0000000020000018                SystemCoreClock
 .data.uwTickPrio
                0x000000002000001c        0x4 ./Drivers/STM32F7xx_HAL_Driver/Src/stm32f7xx_hal.o
                0x000000002000001c                uwTickPrio
 .data.uwTickFreq
                0x0000000020000020        0x1 ./Drivers/STM32F7xx_HAL_Driver/Src/stm32f7xx_hal.o
                0x0000000020000020                uwTickFreq
 *fill*         0x0000000020000021        0x3 
 .data._impure_ptr
                0x0000000020000024        0x4 c:/st/stm32cubeide_1.8.0/stm32cubeide/plugins/com.st.stm32cube.ide.mcu.externaltools.gnu-tools-for-stm32.9-2020-q2-update.win32_2.0.0.202105311346/tools/bin/../lib/gcc/arm-none-eabi/9.3.1/../../../../arm-none-eabi/lib/thumb/v7e-m+fp/hard\libc_nano.a(lib_a-impure.o)
                0x0000000020000024                _impure_ptr
 .data.impure_data
                0x0000000020000028       0x60 c:/st/stm32cubeide_1.8.0/stm32cubeide/plugins/com.st.stm32cube.ide.mcu.externaltools.gnu-tools-for-stm32.9-2020-q2-update.win32_2.0.0.202105311346/tools/bin/../lib/gcc/arm-none-eabi/9.3.1/../../../../arm-none-eabi/lib/thumb/v7e-m+fp/hard\libc_nano.a(lib_a-impure.o)
 *(.RamFunc)
 *(.RamFunc*)
                0x0000000020000088                . = ALIGN (0x4)
                0x0000000020000088                _edata = .

.igot.plt       0x0000000020000088        0x0 load address 0x00000000080088ec
 .igot.plt      0x0000000020000088        0x0 c:/st/stm32cubeide_1.8.0/stm32cubeide/plugins/com.st.stm32cube.ide.mcu.externaltools.gnu-tools-for-stm32.9-2020-q2-update.win32_2.0.0.202105311346/tools/bin/../lib/gcc/arm-none-eabi/9.3.1/thumb/v7e-m+fp/hard/crtbegin.o
                0x0000000020000088                . = ALIGN (0x4)

.bss            0x0000000020000088      0x378 load address 0x00000000080088ec
                0x0000000020000088                _sbss = .
                0x0000000020000088                __bss_start__ = _sbss
 *(.bss)
 .bss           0x0000000020000088       0x1c c:/st/stm32cubeide_1.8.0/stm32cubeide/plugins/com.st.stm32cube.ide.mcu.externaltools.gnu-tools-for-stm32.9-2020-q2-update.win32_2.0.0.202105311346/tools/bin/../lib/gcc/arm-none-eabi/9.3.1/thumb/v7e-m+fp/hard/crtbegin.o
 *(.bss*)
 .bss.input     0x00000000200000a4        0x4 ./Core/Src/main.o
                0x00000000200000a4                input
 .bss.pwm_duty  0x00000000200000a8        0x4 ./Core/Src/main.o
                0x00000000200000a8                pwm_duty
 .bss.encoder_coutner
                0x00000000200000ac        0x4 ./Core/Src/main.o
                0x00000000200000ac                encoder_coutner
 .bss.position  0x00000000200000b0        0x2 ./Core/Src/main.o
                0x00000000200000b0                position
 *fill*         0x00000000200000b2        0x2 
 .bss.__sbrk_heap_end
                0x00000000200000b4        0x4 ./Core/Src/sysmem.o
 .bss.__malloc_free_list
                0x00000000200000b8        0x4 c:/st/stm32cubeide_1.8.0/stm32cubeide/plugins/com.st.stm32cube.ide.mcu.externaltools.gnu-tools-for-stm32.9-2020-q2-update.win32_2.0.0.202105311346/tools/bin/../lib/gcc/arm-none-eabi/9.3.1/../../../../arm-none-eabi/lib/thumb/v7e-m+fp/hard\libc_nano.a(lib_a-nano-mallocr.o)
                0x00000000200000b8                __malloc_free_list
 .bss.__malloc_sbrk_start
                0x00000000200000bc        0x4 c:/st/stm32cubeide_1.8.0/stm32cubeide/plugins/com.st.stm32cube.ide.mcu.externaltools.gnu-tools-for-stm32.9-2020-q2-update.win32_2.0.0.202105311346/tools/bin/../lib/gcc/arm-none-eabi/9.3.1/../../../../arm-none-eabi/lib/thumb/v7e-m+fp/hard\libc_nano.a(lib_a-nano-mallocr.o)
                0x00000000200000bc                __malloc_sbrk_start
 *(COMMON)
 COMMON         0x00000000200000c0       0x98 ./Core/Src/i2c.o
                0x00000000200000c0                hi2c1
                0x000000002000010c                hi2c2
 COMMON         0x0000000020000158       0xe0 ./Core/Src/main.o
                0x0000000020000158                text2
                0x000000002000016c                error_p
                0x0000000020000170                lightLUXint
                0x0000000020000174                LCDdisplay1
                0x0000000020000188                v1
                0x000000002000018c                length
                0x0000000020000190                v3
                0x0000000020000194                text1
                0x00000000200001a8                prev_Integral
                0x00000000200001ac                new_set
                0x00000000200001b0                text
                0x00000000200001bc                pwm_duty_f
                0x00000000200001c0                LCDdisplay2
                0x00000000200001d4                length3
                0x00000000200001d8                length2
                0x00000000200001dc                v2
                0x00000000200001e0                count
                0x00000000200001e4                error
                0x00000000200001e8                pwm_i
                0x00000000200001ec                Integral
                0x00000000200001f0                I
                0x00000000200001f4                pwm_p
                0x00000000200001f8                length1
                0x00000000200001fc                prev_error
                0x0000000020000200                text3
                0x0000000020000214                disp
 COMMON         0x0000000020000238      0x130 ./Core/Src/tim.o
                0x0000000020000238                htim4
                0x0000000020000284                htim5
                0x00000000200002d0                htim3
                0x000000002000031c                htim2
 COMMON         0x0000000020000368       0x84 ./Core/Src/usart.o
                0x0000000020000368                huart3
 COMMON         0x00000000200003ec        0x4 ./Drivers/STM32F7xx_HAL_Driver/Src/stm32f7xx_hal.o
                0x00000000200003ec                uwTick
 COMMON         0x00000000200003f0        0x4 c:/st/stm32cubeide_1.8.0/stm32cubeide/plugins/com.st.stm32cube.ide.mcu.externaltools.gnu-tools-for-stm32.9-2020-q2-update.win32_2.0.0.202105311346/tools/bin/../lib/gcc/arm-none-eabi/9.3.1/../../../../arm-none-eabi/lib/thumb/v7e-m+fp/hard\libc_nano.a(lib_a-reent.o)
                0x00000000200003f0                errno
 COMMON         0x00000000200003f4        0x9 c:/st/stm32cubeide_1.8.0/stm32cubeide/plugins/com.st.stm32cube.ide.mcu.externaltools.gnu-tools-for-stm32.9-2020-q2-update.win32_2.0.0.202105311346/tools/bin/../lib/gcc/arm-none-eabi/9.3.1/../../../../arm-none-eabi/lib/thumb/v7e-m+fp/hard\libc_nano.a(lib_a-lock.o)
                0x00000000200003f4                __lock___atexit_recursive_mutex
                0x00000000200003f5                __lock___arc4random_mutex
                0x00000000200003f6                __lock___env_recursive_mutex
                0x00000000200003f7                __lock___sinit_recursive_mutex
                0x00000000200003f8                __lock___malloc_recursive_mutex
                0x00000000200003f9                __lock___at_quick_exit_mutex
                0x00000000200003fa                __lock___dd_hash_mutex
                0x00000000200003fb                __lock___tz_mutex
                0x00000000200003fc                __lock___sfp_recursive_mutex
                0x0000000020000400                . = ALIGN (0x4)
 *fill*         0x00000000200003fd        0x3 
                0x0000000020000400                _ebss = .
                0x0000000020000400                __bss_end__ = _ebss

._user_heap_stack
                0x0000000020000400      0x600 load address 0x00000000080088ec
                0x0000000020000400                . = ALIGN (0x8)
                [!provide]                        PROVIDE (end = .)
                0x0000000020000400                PROVIDE (_end = .)
                0x0000000020000600                . = (. + _Min_Heap_Size)
 *fill*         0x0000000020000400      0x200 
                0x0000000020000a00                . = (. + _Min_Stack_Size)
 *fill*         0x0000000020000600      0x400 
                0x0000000020000a00                . = ALIGN (0x8)

/DISCARD/
 libc.a(*)
 libm.a(*)
 libgcc.a(*)

.ARM.attributes
                0x0000000000000000       0x30
 *(.ARM.attributes)
 .ARM.attributes
                0x0000000000000000       0x1e c:/st/stm32cubeide_1.8.0/stm32cubeide/plugins/com.st.stm32cube.ide.mcu.externaltools.gnu-tools-for-stm32.9-2020-q2-update.win32_2.0.0.202105311346/tools/bin/../lib/gcc/arm-none-eabi/9.3.1/thumb/v7e-m+fp/hard/crti.o
 .ARM.attributes
                0x000000000000001e       0x34 c:/st/stm32cubeide_1.8.0/stm32cubeide/plugins/com.st.stm32cube.ide.mcu.externaltools.gnu-tools-for-stm32.9-2020-q2-update.win32_2.0.0.202105311346/tools/bin/../lib/gcc/arm-none-eabi/9.3.1/thumb/v7e-m+fp/hard/crtbegin.o
 .ARM.attributes
                0x0000000000000052       0x34 ./Core/Src/bh1750.o
 .ARM.attributes
                0x0000000000000086       0x39 ./Core/Src/bh1750_config.o
 .ARM.attributes
                0x00000000000000bf       0x34 ./Core/Src/gpio.o
 .ARM.attributes
                0x00000000000000f3       0x34 ./Core/Src/i2c.o
 .ARM.attributes
                0x0000000000000127       0x34 ./Core/Src/lcd_i2c.o
 .ARM.attributes
                0x000000000000015b       0x34 ./Core/Src/main.o
 .ARM.attributes
                0x000000000000018f       0x34 ./Core/Src/stm32f7xx_hal_msp.o
 .ARM.attributes
                0x00000000000001c3       0x34 ./Core/Src/stm32f7xx_it.o
 .ARM.attributes
                0x00000000000001f7       0x34 ./Core/Src/sysmem.o
 .ARM.attributes
                0x000000000000022b       0x34 ./Core/Src/system_stm32f7xx.o
 .ARM.attributes
                0x000000000000025f       0x34 ./Core/Src/tim.o
 .ARM.attributes
                0x0000000000000293       0x34 ./Core/Src/usart.o
 .ARM.attributes
                0x00000000000002c7       0x21 ./Core/Startup/startup_stm32f746zgtx.o
 .ARM.attributes
                0x00000000000002e8       0x34 ./Drivers/STM32F7xx_HAL_Driver/Src/stm32f7xx_hal.o
 .ARM.attributes
                0x000000000000031c       0x34 ./Drivers/STM32F7xx_HAL_Driver/Src/stm32f7xx_hal_cortex.o
 .ARM.attributes
                0x0000000000000350       0x34 ./Drivers/STM32F7xx_HAL_Driver/Src/stm32f7xx_hal_dma.o
 .ARM.attributes
                0x0000000000000384       0x34 ./Drivers/STM32F7xx_HAL_Driver/Src/stm32f7xx_hal_gpio.o
 .ARM.attributes
                0x00000000000003b8       0x34 ./Drivers/STM32F7xx_HAL_Driver/Src/stm32f7xx_hal_i2c.o
 .ARM.attributes
                0x00000000000003ec       0x34 ./Drivers/STM32F7xx_HAL_Driver/Src/stm32f7xx_hal_i2c_ex.o
 .ARM.attributes
                0x0000000000000420       0x34 ./Drivers/STM32F7xx_HAL_Driver/Src/stm32f7xx_hal_pwr.o
 .ARM.attributes
                0x0000000000000454       0x34 ./Drivers/STM32F7xx_HAL_Driver/Src/stm32f7xx_hal_pwr_ex.o
 .ARM.attributes
                0x0000000000000488       0x34 ./Drivers/STM32F7xx_HAL_Driver/Src/stm32f7xx_hal_rcc.o
 .ARM.attributes
                0x00000000000004bc       0x34 ./Drivers/STM32F7xx_HAL_Driver/Src/stm32f7xx_hal_rcc_ex.o
 .ARM.attributes
                0x00000000000004f0       0x34 ./Drivers/STM32F7xx_HAL_Driver/Src/stm32f7xx_hal_tim.o
 .ARM.attributes
                0x0000000000000524       0x34 ./Drivers/STM32F7xx_HAL_Driver/Src/stm32f7xx_hal_tim_ex.o
 .ARM.attributes
                0x0000000000000558       0x34 ./Drivers/STM32F7xx_HAL_Driver/Src/stm32f7xx_hal_uart.o
 .ARM.attributes
                0x000000000000058c       0x34 c:/st/stm32cubeide_1.8.0/stm32cubeide/plugins/com.st.stm32cube.ide.mcu.externaltools.gnu-tools-for-stm32.9-2020-q2-update.win32_2.0.0.202105311346/tools/bin/../lib/gcc/arm-none-eabi/9.3.1/../../../../arm-none-eabi/lib/thumb/v7e-m+fp/hard\libc_nano.a(lib_a-errno.o)
 .ARM.attributes
                0x00000000000005c0       0x32 c:/st/stm32cubeide_1.8.0/stm32cubeide/plugins/com.st.stm32cube.ide.mcu.externaltools.gnu-tools-for-stm32.9-2020-q2-update.win32_2.0.0.202105311346/tools/bin/../lib/gcc/arm-none-eabi/9.3.1/../../../../arm-none-eabi/lib/thumb/v7e-m+fp/hard\libc_nano.a(lib_a-impure.o)
 .ARM.attributes
                0x00000000000005f2       0x34 c:/st/stm32cubeide_1.8.0/stm32cubeide/plugins/com.st.stm32cube.ide.mcu.externaltools.gnu-tools-for-stm32.9-2020-q2-update.win32_2.0.0.202105311346/tools/bin/../lib/gcc/arm-none-eabi/9.3.1/../../../../arm-none-eabi/lib/thumb/v7e-m+fp/hard\libc_nano.a(lib_a-init.o)
 .ARM.attributes
                0x0000000000000626       0x34 c:/st/stm32cubeide_1.8.0/stm32cubeide/plugins/com.st.stm32cube.ide.mcu.externaltools.gnu-tools-for-stm32.9-2020-q2-update.win32_2.0.0.202105311346/tools/bin/../lib/gcc/arm-none-eabi/9.3.1/../../../../arm-none-eabi/lib/thumb/v7e-m+fp/hard\libc_nano.a(lib_a-memset.o)
 .ARM.attributes
                0x000000000000065a       0x34 c:/st/stm32cubeide_1.8.0/stm32cubeide/plugins/com.st.stm32cube.ide.mcu.externaltools.gnu-tools-for-stm32.9-2020-q2-update.win32_2.0.0.202105311346/tools/bin/../lib/gcc/arm-none-eabi/9.3.1/../../../../arm-none-eabi/lib/thumb/v7e-m+fp/hard\libc_nano.a(lib_a-snprintf.o)
 .ARM.attributes
                0x000000000000068e       0x34 c:/st/stm32cubeide_1.8.0/stm32cubeide/plugins/com.st.stm32cube.ide.mcu.externaltools.gnu-tools-for-stm32.9-2020-q2-update.win32_2.0.0.202105311346/tools/bin/../lib/gcc/arm-none-eabi/9.3.1/../../../../arm-none-eabi/lib/thumb/v7e-m+fp/hard\libc_nano.a(lib_a-sprintf.o)
 .ARM.attributes
                0x00000000000006c2       0x34 c:/st/stm32cubeide_1.8.0/stm32cubeide/plugins/com.st.stm32cube.ide.mcu.externaltools.gnu-tools-for-stm32.9-2020-q2-update.win32_2.0.0.202105311346/tools/bin/../lib/gcc/arm-none-eabi/9.3.1/../../../../arm-none-eabi/lib/thumb/v7e-m+fp/hard\libc_nano.a(lib_a-nano-svfprintf.o)
 .ARM.attributes
                0x00000000000006f6       0x34 c:/st/stm32cubeide_1.8.0/stm32cubeide/plugins/com.st.stm32cube.ide.mcu.externaltools.gnu-tools-for-stm32.9-2020-q2-update.win32_2.0.0.202105311346/tools/bin/../lib/gcc/arm-none-eabi/9.3.1/../../../../arm-none-eabi/lib/thumb/v7e-m+fp/hard\libc_nano.a(lib_a-nano-vfprintf_i.o)
 .ARM.attributes
                0x000000000000072a       0x1c c:/st/stm32cubeide_1.8.0/stm32cubeide/plugins/com.st.stm32cube.ide.mcu.externaltools.gnu-tools-for-stm32.9-2020-q2-update.win32_2.0.0.202105311346/tools/bin/../lib/gcc/arm-none-eabi/9.3.1/../../../../arm-none-eabi/lib/thumb/v7e-m+fp/hard\libc_nano.a(lib_a-memchr.o)
 .ARM.attributes
                0x0000000000000746       0x34 c:/st/stm32cubeide_1.8.0/stm32cubeide/plugins/com.st.stm32cube.ide.mcu.externaltools.gnu-tools-for-stm32.9-2020-q2-update.win32_2.0.0.202105311346/tools/bin/../lib/gcc/arm-none-eabi/9.3.1/../../../../arm-none-eabi/lib/thumb/v7e-m+fp/hard\libc_nano.a(lib_a-memcpy-stub.o)
 .ARM.attributes
                0x000000000000077a       0x34 c:/st/stm32cubeide_1.8.0/stm32cubeide/plugins/com.st.stm32cube.ide.mcu.externaltools.gnu-tools-for-stm32.9-2020-q2-update.win32_2.0.0.202105311346/tools/bin/../lib/gcc/arm-none-eabi/9.3.1/../../../../arm-none-eabi/lib/thumb/v7e-m+fp/hard\libc_nano.a(lib_a-memmove.o)
 .ARM.attributes
                0x00000000000007ae       0x34 c:/st/stm32cubeide_1.8.0/stm32cubeide/plugins/com.st.stm32cube.ide.mcu.externaltools.gnu-tools-for-stm32.9-2020-q2-update.win32_2.0.0.202105311346/tools/bin/../lib/gcc/arm-none-eabi/9.3.1/../../../../arm-none-eabi/lib/thumb/v7e-m+fp/hard\libc_nano.a(lib_a-nano-freer.o)
 .ARM.attributes
                0x00000000000007e2       0x34 c:/st/stm32cubeide_1.8.0/stm32cubeide/plugins/com.st.stm32cube.ide.mcu.externaltools.gnu-tools-for-stm32.9-2020-q2-update.win32_2.0.0.202105311346/tools/bin/../lib/gcc/arm-none-eabi/9.3.1/../../../../arm-none-eabi/lib/thumb/v7e-m+fp/hard\libc_nano.a(lib_a-nano-mallocr.o)
 .ARM.attributes
                0x0000000000000816       0x34 c:/st/stm32cubeide_1.8.0/stm32cubeide/plugins/com.st.stm32cube.ide.mcu.externaltools.gnu-tools-for-stm32.9-2020-q2-update.win32_2.0.0.202105311346/tools/bin/../lib/gcc/arm-none-eabi/9.3.1/../../../../arm-none-eabi/lib/thumb/v7e-m+fp/hard\libc_nano.a(lib_a-nano-reallocr.o)
 .ARM.attributes
                0x000000000000084a       0x34 c:/st/stm32cubeide_1.8.0/stm32cubeide/plugins/com.st.stm32cube.ide.mcu.externaltools.gnu-tools-for-stm32.9-2020-q2-update.win32_2.0.0.202105311346/tools/bin/../lib/gcc/arm-none-eabi/9.3.1/../../../../arm-none-eabi/lib/thumb/v7e-m+fp/hard\libc_nano.a(lib_a-sbrkr.o)
 .ARM.attributes
                0x000000000000087e       0x34 c:/st/stm32cubeide_1.8.0/stm32cubeide/plugins/com.st.stm32cube.ide.mcu.externaltools.gnu-tools-for-stm32.9-2020-q2-update.win32_2.0.0.202105311346/tools/bin/../lib/gcc/arm-none-eabi/9.3.1/../../../../arm-none-eabi/lib/thumb/v7e-m+fp/hard\libc_nano.a(lib_a-mlock.o)
 .ARM.attributes
                0x00000000000008b2       0x34 c:/st/stm32cubeide_1.8.0/stm32cubeide/plugins/com.st.stm32cube.ide.mcu.externaltools.gnu-tools-for-stm32.9-2020-q2-update.win32_2.0.0.202105311346/tools/bin/../lib/gcc/arm-none-eabi/9.3.1/../../../../arm-none-eabi/lib/thumb/v7e-m+fp/hard\libc_nano.a(lib_a-nano-msizer.o)
 .ARM.attributes
                0x00000000000008e6       0x34 c:/st/stm32cubeide_1.8.0/stm32cubeide/plugins/com.st.stm32cube.ide.mcu.externaltools.gnu-tools-for-stm32.9-2020-q2-update.win32_2.0.0.202105311346/tools/bin/../lib/gcc/arm-none-eabi/9.3.1/../../../../arm-none-eabi/lib/thumb/v7e-m+fp/hard\libc_nano.a(lib_a-reent.o)
 .ARM.attributes
                0x000000000000091a       0x34 c:/st/stm32cubeide_1.8.0/stm32cubeide/plugins/com.st.stm32cube.ide.mcu.externaltools.gnu-tools-for-stm32.9-2020-q2-update.win32_2.0.0.202105311346/tools/bin/../lib/gcc/arm-none-eabi/9.3.1/../../../../arm-none-eabi/lib/thumb/v7e-m+fp/hard\libc_nano.a(lib_a-lock.o)
 .ARM.attributes
                0x000000000000094e       0x1e c:/st/stm32cubeide_1.8.0/stm32cubeide/plugins/com.st.stm32cube.ide.mcu.externaltools.gnu-tools-for-stm32.9-2020-q2-update.win32_2.0.0.202105311346/tools/bin/../lib/gcc/arm-none-eabi/9.3.1/thumb/v7e-m+fp/hard\libgcc.a(_arm_addsubdf3.o)
 .ARM.attributes
                0x000000000000096c       0x1e c:/st/stm32cubeide_1.8.0/stm32cubeide/plugins/com.st.stm32cube.ide.mcu.externaltools.gnu-tools-for-stm32.9-2020-q2-update.win32_2.0.0.202105311346/tools/bin/../lib/gcc/arm-none-eabi/9.3.1/thumb/v7e-m+fp/hard\libgcc.a(_arm_muldivdf3.o)
 .ARM.attributes
                0x000000000000098a       0x1e c:/st/stm32cubeide_1.8.0/stm32cubeide/plugins/com.st.stm32cube.ide.mcu.externaltools.gnu-tools-for-stm32.9-2020-q2-update.win32_2.0.0.202105311346/tools/bin/../lib/gcc/arm-none-eabi/9.3.1/thumb/v7e-m+fp/hard\libgcc.a(_arm_truncdfsf2.o)
 .ARM.attributes
                0x00000000000009a8       0x1e c:/st/stm32cubeide_1.8.0/stm32cubeide/plugins/com.st.stm32cube.ide.mcu.externaltools.gnu-tools-for-stm32.9-2020-q2-update.win32_2.0.0.202105311346/tools/bin/../lib/gcc/arm-none-eabi/9.3.1/thumb/v7e-m+fp/hard\libgcc.a(_aeabi_uldivmod.o)
 .ARM.attributes
                0x00000000000009c6       0x34 c:/st/stm32cubeide_1.8.0/stm32cubeide/plugins/com.st.stm32cube.ide.mcu.externaltools.gnu-tools-for-stm32.9-2020-q2-update.win32_2.0.0.202105311346/tools/bin/../lib/gcc/arm-none-eabi/9.3.1/thumb/v7e-m+fp/hard\libgcc.a(_udivmoddi4.o)
 .ARM.attributes
                0x00000000000009fa       0x1e c:/st/stm32cubeide_1.8.0/stm32cubeide/plugins/com.st.stm32cube.ide.mcu.externaltools.gnu-tools-for-stm32.9-2020-q2-update.win32_2.0.0.202105311346/tools/bin/../lib/gcc/arm-none-eabi/9.3.1/thumb/v7e-m+fp/hard\libgcc.a(_dvmd_tls.o)
 .ARM.attributes
                0x0000000000000a18       0x1e c:/st/stm32cubeide_1.8.0/stm32cubeide/plugins/com.st.stm32cube.ide.mcu.externaltools.gnu-tools-for-stm32.9-2020-q2-update.win32_2.0.0.202105311346/tools/bin/../lib/gcc/arm-none-eabi/9.3.1/thumb/v7e-m+fp/hard/crtn.o
OUTPUT(final_task.elf elf32-littlearm)
LOAD linker stubs
LOAD c:/st/stm32cubeide_1.8.0/stm32cubeide/plugins/com.st.stm32cube.ide.mcu.externaltools.gnu-tools-for-stm32.9-2020-q2-update.win32_2.0.0.202105311346/tools/bin/../lib/gcc/arm-none-eabi/9.3.1/../../../../arm-none-eabi/lib/thumb/v7e-m+fp/hard\libc.a
LOAD c:/st/stm32cubeide_1.8.0/stm32cubeide/plugins/com.st.stm32cube.ide.mcu.externaltools.gnu-tools-for-stm32.9-2020-q2-update.win32_2.0.0.202105311346/tools/bin/../lib/gcc/arm-none-eabi/9.3.1/../../../../arm-none-eabi/lib/thumb/v7e-m+fp/hard\libm.a
LOAD c:/st/stm32cubeide_1.8.0/stm32cubeide/plugins/com.st.stm32cube.ide.mcu.externaltools.gnu-tools-for-stm32.9-2020-q2-update.win32_2.0.0.202105311346/tools/bin/../lib/gcc/arm-none-eabi/9.3.1/thumb/v7e-m+fp/hard\libgcc.a

.debug_info     0x0000000000000000    0x1987f
 .debug_info    0x0000000000000000      0x7ef ./Core/Src/bh1750.o
 .debug_info    0x00000000000007ef      0x7ab ./Core/Src/bh1750_config.o
 .debug_info    0x0000000000000f9a      0x818 ./Core/Src/gpio.o
 .debug_info    0x00000000000017b2      0xfe8 ./Core/Src/i2c.o
 .debug_info    0x000000000000279a      0x8ad ./Core/Src/lcd_i2c.o
 .debug_info    0x0000000000003047     0x2031 ./Core/Src/main.o
 .debug_info    0x0000000000005078      0x3be ./Core/Src/stm32f7xx_hal_msp.o
 .debug_info    0x0000000000005436      0xf51 ./Core/Src/stm32f7xx_it.o
 .debug_info    0x0000000000006387      0xa25 ./Core/Src/sysmem.o
 .debug_info    0x0000000000006dac      0x7ad ./Core/Src/system_stm32f7xx.o
 .debug_info    0x0000000000007559     0x11a2 ./Core/Src/tim.o
 .debug_info    0x00000000000086fb      0xfc1 ./Core/Src/usart.o
 .debug_info    0x00000000000096bc       0x22 ./Core/Startup/startup_stm32f746zgtx.o
 .debug_info    0x00000000000096de      0xa42 ./Drivers/STM32F7xx_HAL_Driver/Src/stm32f7xx_hal.o
 .debug_info    0x000000000000a120     0x1116 ./Drivers/STM32F7xx_HAL_Driver/Src/stm32f7xx_hal_cortex.o
 .debug_info    0x000000000000b236      0x9f1 ./Drivers/STM32F7xx_HAL_Driver/Src/stm32f7xx_hal_dma.o
 .debug_info    0x000000000000bc27      0x868 ./Drivers/STM32F7xx_HAL_Driver/Src/stm32f7xx_hal_gpio.o
 .debug_info    0x000000000000c48f     0x228e ./Drivers/STM32F7xx_HAL_Driver/Src/stm32f7xx_hal_i2c.o
 .debug_info    0x000000000000e71d      0xa8e ./Drivers/STM32F7xx_HAL_Driver/Src/stm32f7xx_hal_i2c_ex.o
 .debug_info    0x000000000000f1ab      0xa4c ./Drivers/STM32F7xx_HAL_Driver/Src/stm32f7xx_hal_pwr.o
 .debug_info    0x000000000000fbf7      0x9f6 ./Drivers/STM32F7xx_HAL_Driver/Src/stm32f7xx_hal_pwr_ex.o
 .debug_info    0x00000000000105ed      0x9cc ./Drivers/STM32F7xx_HAL_Driver/Src/stm32f7xx_hal_rcc.o
 .debug_info    0x0000000000010fb9      0x82c ./Drivers/STM32F7xx_HAL_Driver/Src/stm32f7xx_hal_rcc_ex.o
 .debug_info    0x00000000000117e5     0x2d3e ./Drivers/STM32F7xx_HAL_Driver/Src/stm32f7xx_hal_tim.o
 .debug_info    0x0000000000014523     0x1688 ./Drivers/STM32F7xx_HAL_Driver/Src/stm32f7xx_hal_tim_ex.o
 .debug_info    0x0000000000015bab     0x3cd4 ./Drivers/STM32F7xx_HAL_Driver/Src/stm32f7xx_hal_uart.o

.debug_abbrev   0x0000000000000000     0x317a
 .debug_abbrev  0x0000000000000000      0x1a5 ./Core/Src/bh1750.o
 .debug_abbrev  0x00000000000001a5      0x163 ./Core/Src/bh1750_config.o
 .debug_abbrev  0x0000000000000308      0x157 ./Core/Src/gpio.o
 .debug_abbrev  0x000000000000045f      0x1cf ./Core/Src/i2c.o
 .debug_abbrev  0x000000000000062e      0x1c5 ./Core/Src/lcd_i2c.o
 .debug_abbrev  0x00000000000007f3      0x2f4 ./Core/Src/main.o
 .debug_abbrev  0x0000000000000ae7      0x11d ./Core/Src/stm32f7xx_hal_msp.o
 .debug_abbrev  0x0000000000000c04      0x19b ./Core/Src/stm32f7xx_it.o
 .debug_abbrev  0x0000000000000d9f      0x1bf ./Core/Src/sysmem.o
 .debug_abbrev  0x0000000000000f5e      0x165 ./Core/Src/system_stm32f7xx.o
 .debug_abbrev  0x00000000000010c3      0x215 ./Core/Src/tim.o
 .debug_abbrev  0x00000000000012d8      0x1c4 ./Core/Src/usart.o
 .debug_abbrev  0x000000000000149c       0x12 ./Core/Startup/startup_stm32f746zgtx.o
 .debug_abbrev  0x00000000000014ae      0x1ed ./Drivers/STM32F7xx_HAL_Driver/Src/stm32f7xx_hal.o
 .debug_abbrev  0x000000000000169b      0x33c ./Drivers/STM32F7xx_HAL_Driver/Src/stm32f7xx_hal_cortex.o
 .debug_abbrev  0x00000000000019d7      0x259 ./Drivers/STM32F7xx_HAL_Driver/Src/stm32f7xx_hal_dma.o
 .debug_abbrev  0x0000000000001c30      0x1f1 ./Drivers/STM32F7xx_HAL_Driver/Src/stm32f7xx_hal_gpio.o
 .debug_abbrev  0x0000000000001e21      0x256 ./Drivers/STM32F7xx_HAL_Driver/Src/stm32f7xx_hal_i2c.o
 .debug_abbrev  0x0000000000002077      0x1bb ./Drivers/STM32F7xx_HAL_Driver/Src/stm32f7xx_hal_i2c_ex.o
 .debug_abbrev  0x0000000000002232      0x1de ./Drivers/STM32F7xx_HAL_Driver/Src/stm32f7xx_hal_pwr.o
 .debug_abbrev  0x0000000000002410      0x1dc ./Drivers/STM32F7xx_HAL_Driver/Src/stm32f7xx_hal_pwr_ex.o
 .debug_abbrev  0x00000000000025ec      0x246 ./Drivers/STM32F7xx_HAL_Driver/Src/stm32f7xx_hal_rcc.o
 .debug_abbrev  0x0000000000002832      0x1d1 ./Drivers/STM32F7xx_HAL_Driver/Src/stm32f7xx_hal_rcc_ex.o
 .debug_abbrev  0x0000000000002a03      0x25e ./Drivers/STM32F7xx_HAL_Driver/Src/stm32f7xx_hal_tim.o
 .debug_abbrev  0x0000000000002c61      0x266 ./Drivers/STM32F7xx_HAL_Driver/Src/stm32f7xx_hal_tim_ex.o
 .debug_abbrev  0x0000000000002ec7      0x2b3 ./Drivers/STM32F7xx_HAL_Driver/Src/stm32f7xx_hal_uart.o

.debug_aranges  0x0000000000000000     0x1218
 .debug_aranges
                0x0000000000000000       0x28 ./Core/Src/bh1750.o
 .debug_aranges
                0x0000000000000028       0x18 ./Core/Src/bh1750_config.o
 .debug_aranges
                0x0000000000000040       0x20 ./Core/Src/gpio.o
 .debug_aranges
                0x0000000000000060       0x38 ./Core/Src/i2c.o
 .debug_aranges
                0x0000000000000098       0x38 ./Core/Src/lcd_i2c.o
 .debug_aranges
                0x00000000000000d0       0x48 ./Core/Src/main.o
 .debug_aranges
                0x0000000000000118       0x20 ./Core/Src/stm32f7xx_hal_msp.o
 .debug_aranges
                0x0000000000000138       0xa0 ./Core/Src/stm32f7xx_it.o
 .debug_aranges
                0x00000000000001d8       0x20 ./Core/Src/sysmem.o
 .debug_aranges
                0x00000000000001f8       0x28 ./Core/Src/system_stm32f7xx.o
 .debug_aranges
                0x0000000000000220       0x60 ./Core/Src/tim.o
 .debug_aranges
                0x0000000000000280       0x30 ./Core/Src/usart.o
 .debug_aranges
                0x00000000000002b0       0x28 ./Core/Startup/startup_stm32f746zgtx.o
 .debug_aranges
                0x00000000000002d8      0x100 ./Drivers/STM32F7xx_HAL_Driver/Src/stm32f7xx_hal.o
 .debug_aranges
                0x00000000000003d8      0x118 ./Drivers/STM32F7xx_HAL_Driver/Src/stm32f7xx_hal_cortex.o
 .debug_aranges
                0x00000000000004f0       0x90 ./Drivers/STM32F7xx_HAL_Driver/Src/stm32f7xx_hal_dma.o
 .debug_aranges
                0x0000000000000580       0x58 ./Drivers/STM32F7xx_HAL_Driver/Src/stm32f7xx_hal_gpio.o
 .debug_aranges
                0x00000000000005d8      0x290 ./Drivers/STM32F7xx_HAL_Driver/Src/stm32f7xx_hal_i2c.o
 .debug_aranges
                0x0000000000000868       0x38 ./Drivers/STM32F7xx_HAL_Driver/Src/stm32f7xx_hal_i2c_ex.o
 .debug_aranges
                0x00000000000008a0       0xa0 ./Drivers/STM32F7xx_HAL_Driver/Src/stm32f7xx_hal_pwr.o
 .debug_aranges
                0x0000000000000940       0x80 ./Drivers/STM32F7xx_HAL_Driver/Src/stm32f7xx_hal_pwr_ex.o
 .debug_aranges
                0x00000000000009c0       0x88 ./Drivers/STM32F7xx_HAL_Driver/Src/stm32f7xx_hal_rcc.o
 .debug_aranges
                0x0000000000000a48       0x50 ./Drivers/STM32F7xx_HAL_Driver/Src/stm32f7xx_hal_rcc_ex.o
 .debug_aranges
                0x0000000000000a98      0x3e0 ./Drivers/STM32F7xx_HAL_Driver/Src/stm32f7xx_hal_tim.o
 .debug_aranges
                0x0000000000000e78      0x178 ./Drivers/STM32F7xx_HAL_Driver/Src/stm32f7xx_hal_tim_ex.o
 .debug_aranges
                0x0000000000000ff0      0x228 ./Drivers/STM32F7xx_HAL_Driver/Src/stm32f7xx_hal_uart.o

.debug_ranges   0x0000000000000000     0x10c8
 .debug_ranges  0x0000000000000000       0x18 ./Core/Src/bh1750.o
 .debug_ranges  0x0000000000000018       0x10 ./Core/Src/gpio.o
 .debug_ranges  0x0000000000000028       0x28 ./Core/Src/i2c.o
 .debug_ranges  0x0000000000000050       0x28 ./Core/Src/lcd_i2c.o
 .debug_ranges  0x0000000000000078       0x58 ./Core/Src/main.o
 .debug_ranges  0x00000000000000d0       0x10 ./Core/Src/stm32f7xx_hal_msp.o
 .debug_ranges  0x00000000000000e0       0x90 ./Core/Src/stm32f7xx_it.o
 .debug_ranges  0x0000000000000170       0x10 ./Core/Src/sysmem.o
 .debug_ranges  0x0000000000000180       0x18 ./Core/Src/system_stm32f7xx.o
 .debug_ranges  0x0000000000000198       0x50 ./Core/Src/tim.o
 .debug_ranges  0x00000000000001e8       0x20 ./Core/Src/usart.o
 .debug_ranges  0x0000000000000208       0x20 ./Core/Startup/startup_stm32f746zgtx.o
 .debug_ranges  0x0000000000000228       0xf0 ./Drivers/STM32F7xx_HAL_Driver/Src/stm32f7xx_hal.o
 .debug_ranges  0x0000000000000318      0x108 ./Drivers/STM32F7xx_HAL_Driver/Src/stm32f7xx_hal_cortex.o
 .debug_ranges  0x0000000000000420       0x80 ./Drivers/STM32F7xx_HAL_Driver/Src/stm32f7xx_hal_dma.o
 .debug_ranges  0x00000000000004a0       0x48 ./Drivers/STM32F7xx_HAL_Driver/Src/stm32f7xx_hal_gpio.o
 .debug_ranges  0x00000000000004e8      0x280 ./Drivers/STM32F7xx_HAL_Driver/Src/stm32f7xx_hal_i2c.o
 .debug_ranges  0x0000000000000768       0x28 ./Drivers/STM32F7xx_HAL_Driver/Src/stm32f7xx_hal_i2c_ex.o
 .debug_ranges  0x0000000000000790       0x90 ./Drivers/STM32F7xx_HAL_Driver/Src/stm32f7xx_hal_pwr.o
 .debug_ranges  0x0000000000000820       0x70 ./Drivers/STM32F7xx_HAL_Driver/Src/stm32f7xx_hal_pwr_ex.o
 .debug_ranges  0x0000000000000890       0x78 ./Drivers/STM32F7xx_HAL_Driver/Src/stm32f7xx_hal_rcc.o
 .debug_ranges  0x0000000000000908       0x40 ./Drivers/STM32F7xx_HAL_Driver/Src/stm32f7xx_hal_rcc_ex.o
 .debug_ranges  0x0000000000000948      0x3d0 ./Drivers/STM32F7xx_HAL_Driver/Src/stm32f7xx_hal_tim.o
 .debug_ranges  0x0000000000000d18      0x168 ./Drivers/STM32F7xx_HAL_Driver/Src/stm32f7xx_hal_tim_ex.o
 .debug_ranges  0x0000000000000e80      0x248 ./Drivers/STM32F7xx_HAL_Driver/Src/stm32f7xx_hal_uart.o

.debug_macro    0x0000000000000000    0x27afe
 .debug_macro   0x0000000000000000      0x1f1 ./Core/Src/bh1750.o
 .debug_macro   0x00000000000001f1      0xaa8 ./Core/Src/bh1750.o
 .debug_macro   0x0000000000000c99      0x293 ./Core/Src/bh1750.o
 .debug_macro   0x0000000000000f2c       0x2e ./Core/Src/bh1750.o
 .debug_macro   0x0000000000000f5a       0x3b ./Core/Src/bh1750.o
 .debug_macro   0x0000000000000f95       0x22 ./Core/Src/bh1750.o
 .debug_macro   0x0000000000000fb7       0x8e ./Core/Src/bh1750.o
 .debug_macro   0x0000000000001045       0x51 ./Core/Src/bh1750.o
 .debug_macro   0x0000000000001096      0x103 ./Core/Src/bh1750.o
 .debug_macro   0x0000000000001199       0x6a ./Core/Src/bh1750.o
 .debug_macro   0x0000000000001203      0x1df ./Core/Src/bh1750.o
 .debug_macro   0x00000000000013e2       0x1c ./Core/Src/bh1750.o
 .debug_macro   0x00000000000013fe       0x22 ./Core/Src/bh1750.o
 .debug_macro   0x0000000000001420       0xdf ./Core/Src/bh1750.o
 .debug_macro   0x00000000000014ff     0x12cd ./Core/Src/bh1750.o
 .debug_macro   0x00000000000027cc      0x11f ./Core/Src/bh1750.o
 .debug_macro   0x00000000000028eb       0x19 ./Core/Src/bh1750.o
 .debug_macro   0x0000000000002904    0x191da ./Core/Src/bh1750.o
 .debug_macro   0x000000000001bade       0x6d ./Core/Src/bh1750.o
 .debug_macro   0x000000000001bb4b     0x3714 ./Core/Src/bh1750.o
 .debug_macro   0x000000000001f25f      0x174 ./Core/Src/bh1750.o
 .debug_macro   0x000000000001f3d3       0x63 ./Core/Src/bh1750.o
 .debug_macro   0x000000000001f436     0x18ad ./Core/Src/bh1750.o
 .debug_macro   0x0000000000020ce3      0x6c4 ./Core/Src/bh1750.o
 .debug_macro   0x00000000000213a7      0x185 ./Core/Src/bh1750.o
 .debug_macro   0x000000000002152c      0x115 ./Core/Src/bh1750.o
 .debug_macro   0x0000000000021641      0x1fd ./Core/Src/bh1750.o
 .debug_macro   0x000000000002183e       0xa5 ./Core/Src/bh1750.o
 .debug_macro   0x00000000000218e3      0x24f ./Core/Src/bh1750.o
 .debug_macro   0x0000000000021b32       0x41 ./Core/Src/bh1750.o
 .debug_macro   0x0000000000021b73       0x58 ./Core/Src/bh1750.o
 .debug_macro   0x0000000000021bcb      0x236 ./Core/Src/bh1750.o
 .debug_macro   0x0000000000021e01      0x14e ./Core/Src/bh1750.o
 .debug_macro   0x0000000000021f4f      0x25a ./Core/Src/bh1750.o
 .debug_macro   0x00000000000221a9       0x12 ./Core/Src/bh1750.o
 .debug_macro   0x00000000000221bb      0x22c ./Core/Src/bh1750.o
 .debug_macro   0x00000000000223e7       0x61 ./Core/Src/bh1750.o
 .debug_macro   0x0000000000022448       0xa5 ./Core/Src/bh1750.o
 .debug_macro   0x00000000000224ed      0x12e ./Core/Src/bh1750.o
 .debug_macro   0x000000000002261b      0x108 ./Core/Src/bh1750.o
 .debug_macro   0x0000000000022723       0x35 ./Core/Src/bh1750.o
 .debug_macro   0x0000000000022758      0xa60 ./Core/Src/bh1750.o
 .debug_macro   0x00000000000231b8       0x59 ./Core/Src/bh1750.o
 .debug_macro   0x0000000000023211      0x558 ./Core/Src/bh1750.o
 .debug_macro   0x0000000000023769       0x44 ./Core/Src/bh1750.o
 .debug_macro   0x00000000000237ad      0x14d ./Core/Src/bh1750.o
 .debug_macro   0x00000000000238fa       0x64 ./Core/Src/bh1750.o
 .debug_macro   0x000000000002395e      0x216 ./Core/Src/bh1750_config.o
 .debug_macro   0x0000000000023b74      0x148 ./Core/Src/bh1750_config.o
 .debug_macro   0x0000000000023cbc      0x1fb ./Core/Src/gpio.o
 .debug_macro   0x0000000000023eb7      0x142 ./Core/Src/gpio.o
 .debug_macro   0x0000000000023ff9      0x1fb ./Core/Src/i2c.o
 .debug_macro   0x00000000000241f4      0x213 ./Core/Src/lcd_i2c.o
 .debug_macro   0x0000000000024407       0x22 ./Core/Src/lcd_i2c.o
 .debug_macro   0x0000000000024429       0x58 ./Core/Src/lcd_i2c.o
 .debug_macro   0x0000000000024481      0x40f ./Core/Src/main.o
 .debug_macro   0x0000000000024890       0x52 ./Core/Src/main.o
 .debug_macro   0x00000000000248e2       0x18 ./Core/Src/main.o
 .debug_macro   0x00000000000248fa       0x3c ./Core/Src/main.o
 .debug_macro   0x0000000000024936       0x34 ./Core/Src/main.o
 .debug_macro   0x000000000002496a       0x16 ./Core/Src/main.o
 .debug_macro   0x0000000000024980       0x35 ./Core/Src/main.o
 .debug_macro   0x00000000000249b5      0x333 ./Core/Src/main.o
 .debug_macro   0x0000000000024ce8       0x10 ./Core/Src/main.o
 .debug_macro   0x0000000000024cf8       0x16 ./Core/Src/main.o
 .debug_macro   0x0000000000024d0e       0x43 ./Core/Src/main.o
 .debug_macro   0x0000000000024d51       0x34 ./Core/Src/main.o
 .debug_macro   0x0000000000024d85       0x10 ./Core/Src/main.o
 .debug_macro   0x0000000000024d95       0x58 ./Core/Src/main.o
 .debug_macro   0x0000000000024ded       0x71 ./Core/Src/main.o
 .debug_macro   0x0000000000024e5e       0x1c ./Core/Src/main.o
 .debug_macro   0x0000000000024e7a      0x12a ./Core/Src/main.o
 .debug_macro   0x0000000000024fa4       0x10 ./Core/Src/main.o
 .debug_macro   0x0000000000024fb4       0x1c ./Core/Src/main.o
 .debug_macro   0x0000000000024fd0       0x52 ./Core/Src/main.o
 .debug_macro   0x0000000000025022       0x22 ./Core/Src/main.o
 .debug_macro   0x0000000000025044       0x10 ./Core/Src/main.o
 .debug_macro   0x0000000000025054       0x40 ./Core/Src/main.o
 .debug_macro   0x0000000000025094       0xd5 ./Core/Src/main.o
 .debug_macro   0x0000000000025169       0x1c ./Core/Src/main.o
 .debug_macro   0x0000000000025185       0x3d ./Core/Src/main.o
 .debug_macro   0x00000000000251c2       0x16 ./Core/Src/main.o
 .debug_macro   0x00000000000251d8      0x145 ./Core/Src/main.o
 .debug_macro   0x000000000002531d       0x16 ./Core/Src/main.o
 .debug_macro   0x0000000000025333       0x16 ./Core/Src/main.o
 .debug_macro   0x0000000000025349       0x29 ./Core/Src/main.o
 .debug_macro   0x0000000000025372       0x16 ./Core/Src/main.o
 .debug_macro   0x0000000000025388       0x20 ./Core/Src/main.o
 .debug_macro   0x00000000000253a8       0x6a ./Core/Src/main.o
 .debug_macro   0x0000000000025412      0x1f1 ./Core/Src/stm32f7xx_hal_msp.o